Archive member included to satisfy reference by file (symbol)

/Users/jasontse/Documents/jasontsemf.github.io/nitro/.build/mzero_pro_bl/core/core.a(cortex_handlers.c.o)
                              (Reset_Handler)
/Users/jasontse/Documents/jasontsemf.github.io/nitro/.build/mzero_pro_bl/core/core.a(delay.c.o)
                              /Users/jasontse/Documents/jasontsemf.github.io/nitro/.build/mzero_pro_bl/core/core.a(cortex_handlers.c.o) (SysTick_DefaultHandler)
/Users/jasontse/Documents/jasontsemf.github.io/nitro/.build/mzero_pro_bl/core/core.a(hooks.c.o)
                              /Users/jasontse/Documents/jasontsemf.github.io/nitro/.build/mzero_pro_bl/core/core.a(delay.c.o) (yield)
/Users/jasontse/Documents/jasontsemf.github.io/nitro/.build/mzero_pro_bl/core/core.a(startup.c.o)
                              /Users/jasontse/Documents/jasontsemf.github.io/nitro/.build/mzero_pro_bl/core/core.a(cortex_handlers.c.o) (SystemInit)
/Users/jasontse/Documents/jasontsemf.github.io/nitro/.build/mzero_pro_bl/core/core.a(wiring.c.o)
                              /Users/jasontse/Documents/jasontsemf.github.io/nitro/.build/mzero_pro_bl/core/core.a(startup.c.o) (SystemCoreClock)
/Users/jasontse/Documents/jasontsemf.github.io/nitro/.build/mzero_pro_bl/core/core.a(wiring_analog.c.o)
                              /Users/jasontse/Documents/jasontsemf.github.io/nitro/.build/mzero_pro_bl/core/core.a(wiring.c.o) (analogReference)
/Users/jasontse/Documents/jasontsemf.github.io/nitro/.build/mzero_pro_bl/core/core.a(wiring_digital.c.o)
                              /Users/jasontse/Documents/jasontsemf.github.io/nitro/.build/mzero_pro_bl/core/core.a(wiring.c.o) (pinMode)
/Users/jasontse/Documents/jasontsemf.github.io/nitro/.build/mzero_pro_bl/core/core.a(wiring_private.c.o)
                              /Users/jasontse/Documents/jasontsemf.github.io/nitro/.build/mzero_pro_bl/core/core.a(wiring_analog.c.o) (pinPeripheral)
/Users/jasontse/Documents/jasontsemf.github.io/nitro/.build/mzero_pro_bl/core/core.a(Reset.cpp.o)
                              /Users/jasontse/Documents/jasontsemf.github.io/nitro/.build/mzero_pro_bl/core/core.a(delay.c.o) (tickReset)
/Users/jasontse/Documents/jasontsemf.github.io/nitro/.build/mzero_pro_bl/core/core.a(SERCOM.cpp.o)
                              /Users/jasontse/Documents/jasontsemf.github.io/nitro/.build/mzero_pro_bl/core/variant.cpp.o (SERCOM::SERCOM(Sercom*))
/Users/jasontse/Documents/jasontsemf.github.io/nitro/.build/mzero_pro_bl/core/core.a(Uart.cpp.o)
                              /Users/jasontse/Documents/jasontsemf.github.io/nitro/.build/mzero_pro_bl/core/variant.cpp.o (Uart::Uart(SERCOM*, unsigned char, unsigned char, SercomRXPad, SercomUartTXPad))
/Users/jasontse/Documents/jasontsemf.github.io/nitro/.build/mzero_pro_bl/core/core.a(main.cpp.o)
                              /Users/jasontse/Library/Arduino15/packages/arduino/tools/arm-none-eabi-gcc/7-2017q4/bin/../lib/gcc/arm-none-eabi/7.2.1/../../../../arm-none-eabi/lib/thumb/v6-m/crt0.o (main)
/Users/jasontse/Documents/jasontsemf.github.io/nitro/.build/mzero_pro_bl/core/core.a(Print.cpp.o)
                              /Users/jasontse/Documents/jasontsemf.github.io/nitro/.build/mzero_pro_bl/core/core.a(Uart.cpp.o) (Print::write(unsigned char const*, unsigned int))
/Users/jasontse/Documents/jasontsemf.github.io/nitro/.build/mzero_pro_bl/core/core.a(USBCore.cpp.o)
                              /Users/jasontse/Documents/jasontsemf.github.io/nitro/.build/mzero_pro_bl/core/core.a(main.cpp.o) (USBDeviceClass::init())
/Users/jasontse/Documents/jasontsemf.github.io/nitro/.build/mzero_pro_bl/core/core.a(abi.cpp.o)
                              /Users/jasontse/Documents/jasontsemf.github.io/nitro/.build/mzero_pro_bl/core/core.a(Print.cpp.o) (__cxa_pure_virtual)
/Users/jasontse/Documents/jasontsemf.github.io/nitro/.build/mzero_pro_bl/core/core.a(new.cpp.o)
                              /Users/jasontse/Documents/jasontsemf.github.io/nitro/.build/mzero_pro_bl/core/core.a(USBCore.cpp.o) (operator new(unsigned int))
/Users/jasontse/Documents/jasontsemf.github.io/nitro/.build/mzero_pro_bl/core/core.a(CDC.cpp.o)
                              /Users/jasontse/Documents/jasontsemf.github.io/nitro/.build/mzero_pro_bl/core/core.a(USBCore.cpp.o) (Serial_::enableInterrupt())
/Users/jasontse/Documents/jasontsemf.github.io/nitro/.build/mzero_pro_bl/core/core.a(PluggableUSB.cpp.o)
                              /Users/jasontse/Documents/jasontsemf.github.io/nitro/.build/mzero_pro_bl/core/core.a(USBCore.cpp.o) (PluggableUSB_::getInterface(unsigned char*))
/Users/jasontse/Library/Arduino15/packages/arduino/tools/arm-none-eabi-gcc/7-2017q4/bin/../lib/gcc/arm-none-eabi/7.2.1/thumb/v6-m/libgcc.a(_thumb1_case_uqi.o)
                              /Users/jasontse/Documents/jasontsemf.github.io/nitro/.build/mzero_pro_bl/core/core.a(wiring_analog.c.o) (__gnu_thumb1_case_uqi)
[...]
Memory Configuration

Name             Origin             Length             Attributes
FLASH            0x0000000000004000 0x000000000003c000 xr
RAM              0x0000000020000000 0x0000000000008000 xrw
*default*        0x0000000000000000 0xffffffffffffffff

Linker script and memory map

LOAD /Users/jasontse/Library/Arduino15/packages/arduino/tools/arm-none-eabi-gcc/7-2017q4/bin/../lib/gcc/arm-none-eabi/7.2.1/thumb/v6-m/crti.o
LOAD /Users/jasontse/Library/Arduino15/packages/arduino/tools/arm-none-eabi-gcc/7-2017q4/bin/../lib/gcc/arm-none-eabi/7.2.1/thumb/v6-m/crtbegin.o
LOAD /Users/jasontse/Library/Arduino15/packages/arduino/tools/arm-none-eabi-gcc/7-2017q4/bin/../lib/gcc/arm-none-eabi/7.2.1/../../../../arm-none-eabi/lib/thumb/v6-m/crt0.o
LOAD /Users/jasontse/Documents/jasontsemf.github.io/nitro/.build/mzero_pro_bl/sketch/app.ino.cpp.o
LOAD /Users/jasontse/Documents/jasontsemf.github.io/nitro/.build/mzero_pro_bl/core/variant.cpp.o
START GROUP
LOAD /Users/jasontse/Library/Arduino15/packages/arduino/tools/CMSIS/4.5.0/CMSIS/Lib/GCC//libarm_cortexM0l_math.a
LOAD /Users/jasontse/Documents/jasontsemf.github.io/nitro/.build/mzero_pro_bl/core/core.a
END GROUP
LOAD /Users/jasontse/Library/Arduino15/packages/arduino/tools/arm-none-eabi-gcc/7-2017q4/bin/../lib/gcc/arm-none-eabi/7.2.1/../../../../arm-none-eabi/lib/thumb/v6-m/libstdc++_nano.a
LOAD /Users/jasontse/Library/Arduino15/packages/arduino/tools/arm-none-eabi-gcc/7-2017q4/bin/../lib/gcc/arm-none-eabi/7.2.1/../../../../arm-none-eabi/lib/thumb/v6-m/libm.a
START GROUP
LOAD /Users/jasontse/Library/Arduino15/packages/arduino/tools/arm-none-eabi-gcc/7-2017q4/bin/../lib/gcc/arm-none-eabi/7.2.1/thumb/v6-m/libgcc.a
LOAD /Users/jasontse/Library/Arduino15/packages/arduino/tools/arm-none-eabi-gcc/7-2017q4/bin/../lib/gcc/arm-none-eabi/7.2.1/../../../../arm-none-eabi/lib/thumb/v6-m/libc_nano.a
END GROUP
START GROUP
LOAD /Users/jasontse/Library/Arduino15/packages/arduino/tools/arm-none-eabi-gcc/7-2017q4/bin/../lib/gcc/arm-none-eabi/7.2.1/thumb/v6-m/libgcc.a
LOAD /Users/jasontse/Library/Arduino15/packages/arduino/tools/arm-none-eabi-gcc/7-2017q4/bin/../lib/gcc/arm-none-eabi/7.2.1/../../../../arm-none-eabi/lib/thumb/v6-m/libc_nano.a
LOAD /Users/jasontse/Library/Arduino15/packages/arduino/tools/arm-none-eabi-gcc/7-2017q4/bin/../lib/gcc/arm-none-eabi/7.2.1/../../../../arm-none-eabi/lib/thumb/v6-m/libnosys.a
END GROUP
START GROUP
LOAD /Users/jasontse/Library/Arduino15/packages/arduino/tools/arm-none-eabi-gcc/7-2017q4/bin/../lib/gcc/arm-none-eabi/7.2.1/thumb/v6-m/libgcc.a
LOAD /Users/jasontse/Library/Arduino15/packages/arduino/tools/arm-none-eabi-gcc/7-2017q4/bin/../lib/gcc/arm-none-eabi/7.2.1/../../../../arm-none-eabi/lib/thumb/v6-m/libc_nano.a
LOAD /Users/jasontse/Library/Arduino15/packages/arduino/tools/arm-none-eabi-gcc/7-2017q4/bin/../lib/gcc/arm-none-eabi/7.2.1/../../../../arm-none-eabi/lib/thumb/v6-m/libnosys.a
END GROUP
LOAD /Users/jasontse/Library/Arduino15/packages/arduino/tools/arm-none-eabi-gcc/7-2017q4/bin/../lib/gcc/arm-none-eabi/7.2.1/thumb/v6-m/crtend.o
LOAD /Users/jasontse/Library/Arduino15/packages/arduino/tools/arm-none-eabi-gcc/7-2017q4/bin/../lib/gcc/arm-none-eabi/7.2.1/thumb/v6-m/crtn.o

.text           0x0000000000004000     0x2ce8
                0x0000000000004000                __text_start__ = .
 *(.sketch_boot)
                0x0000000000004000                . = ALIGN (0x4000)
 *(.isr_vector)
 .isr_vector    0x0000000000004000       0xb4 /Users/jasontse/Documents/jasontsemf.github.io/nitro/.build/mzero_pro_bl/core/core.a(cortex_handlers.c.o)
                0x0000000000004000                exception_table
 *(.text*)
 .text          0x00000000000040b4       0x48 /Users/jasontse/Library/Arduino15/packages/arduino/tools/arm-none-eabi-gcc/7-2017q4/bin/../lib/gcc/arm-none-eabi/7.2.1/thumb/v6-m/crtbegin.o
 .text.setup    0x00000000000040fc        0x2 /Users/jasontse/Documents/jasontsemf.github.io/nitro/.build/mzero_pro_bl/sketch/app.ino.cpp.o
                0x00000000000040fc                setup
 .text.loop     0x00000000000040fe        0x2 /Users/jasontse/Documents/jasontsemf.github.io/nitro/.build/mzero_pro_bl/sketch/app.ino.cpp.o
                0x00000000000040fe                loop
 .text.SERCOM0_Handler
                0x0000000000004100       0x10 /Users/jasontse/Documents/jasontsemf.github.io/nitro/.build/mzero_pro_bl/core/variant.cpp.o
                0x0000000000004100                SERCOM0_Handler
 .text.SERCOM5_Handler
                0x0000000000004110       0x10 /Users/jasontse/Documents/jasontsemf.github.io/nitro/.build/mzero_pro_bl/core/variant.cpp.o
                0x0000000000004110                SERCOM5_Handler
 .text.startup._GLOBAL__sub_I_g_APinDescription
                0x0000000000004120       0x94 /Users/jasontse/Documents/jasontsemf.github.io/nitro/.build/mzero_pro_bl/core/variant.cpp.o
 .text.Dummy_Handler
                0x00000000000041b4        0x2 /Users/jasontse/Documents/jasontsemf.github.io/nitro/.build/mzero_pro_bl/core/core.a(cortex_handlers.c.o)
                0x00000000000041b4                SYSCTRL_Handler
                0x00000000000041b4                HardFault_Handler
                0x00000000000041b4                AC_Handler
                0x00000000000041b4                PendSV_Handler
                0x00000000000041b4                NMI_Handler
                0x00000000000041b4                TC7_Handler
                0x00000000000041b4                SERCOM1_Handler
                0x00000000000041b4                ADC_Handler
                0x00000000000041b4                TCC1_Handler
                0x00000000000041b4                SERCOM2_Handler
                0x00000000000041b4                TCC0_Handler
                0x00000000000041b4                RTC_Handler
                0x00000000000041b4                EIC_Handler
                0x00000000000041b4                TC6_Handler
                0x00000000000041b4                WDT_Handler
                0x00000000000041b4                TC4_Handler
                0x00000000000041b4                TC3_Handler
                0x00000000000041b4                Dummy_Handler
                0x00000000000041b4                PM_Handler
                0x00000000000041b4                SVC_Handler
                0x00000000000041b4                TCC2_Handler
                0x00000000000041b4                EVSYS_Handler
                0x00000000000041b4                SERCOM3_Handler
                0x00000000000041b4                SERCOM4_Handler
                0x00000000000041b4                I2S_Handler
                0x00000000000041b4                NVMCTRL_Handler
                0x00000000000041b4                DAC_Handler
                0x00000000000041b4                PTC_Handler
                0x00000000000041b4                DMAC_Handler
 *fill*         0x00000000000041b6        0x2 
 .text.USB_Handler
                0x00000000000041b8       0x14 /Users/jasontse/Documents/jasontsemf.github.io/nitro/.build/mzero_pro_bl/core/core.a(cortex_handlers.c.o)
                0x00000000000041b8                USB_Handler
 .text.Reset_Handler
                0x00000000000041cc       0x54 /Users/jasontse/Documents/jasontsemf.github.io/nitro/.build/mzero_pro_bl/core/core.a(cortex_handlers.c.o)
                0x00000000000041cc                Reset_Handler
 .text.SysTick_Handler
                0x0000000000004220       0x10 /Users/jasontse/Documents/jasontsemf.github.io/nitro/.build/mzero_pro_bl/core/core.a(cortex_handlers.c.o)
                0x0000000000004220                SysTick_Handler
 .text.USB_SetHandler
                0x0000000000004230        0xc /Users/jasontse/Documents/jasontsemf.github.io/nitro/.build/mzero_pro_bl/core/core.a(cortex_handlers.c.o)
                0x0000000000004230                USB_SetHandler
 .text.micros   0x000000000000423c       0x60 /Users/jasontse/Documents/jasontsemf.github.io/nitro/.build/mzero_pro_bl/core/core.a(delay.c.o)
                0x000000000000423c                micros
 .text.delay    0x000000000000429c       0x30 /Users/jasontse/Documents/jasontsemf.github.io/nitro/.build/mzero_pro_bl/core/core.a(delay.c.o)
                0x000000000000429c                delay
 .text.resetExternalChip
                0x00000000000042cc        0x2 /Users/jasontse/Documents/jasontsemf.github.io/nitro/.build/mzero_pro_bl/core/core.a(delay.c.o)
                0x00000000000042cc                resetExternalChip
 *fill*         0x00000000000042ce        0x2 
 .text.SysTick_DefaultHandler
                0x00000000000042d0       0x14 /Users/jasontse/Documents/jasontsemf.github.io/nitro/.build/mzero_pro_bl/core/core.a(delay.c.o)
                0x00000000000042d0                SysTick_DefaultHandler
 .text.__empty  0x00000000000042e4        0x2 /Users/jasontse/Documents/jasontsemf.github.io/nitro/.build/mzero_pro_bl/core/core.a(hooks.c.o)
                0x00000000000042e4                yield
 .text.__false  0x00000000000042e6        0x4 /Users/jasontse/Documents/jasontsemf.github.io/nitro/.build/mzero_pro_bl/core/core.a(hooks.c.o)
                0x00000000000042e6                sysTickHook
 *fill*         0x00000000000042ea        0x2 
 .text.SystemInit
                0x00000000000042ec      0x160 /Users/jasontse/Documents/jasontsemf.github.io/nitro/.build/mzero_pro_bl/core/core.a(startup.c.o)
                0x00000000000042ec                SystemInit
 .text.init     0x000000000000444c       0xf0 /Users/jasontse/Documents/jasontsemf.github.io/nitro/.build/mzero_pro_bl/core/core.a(wiring.c.o)
                0x000000000000444c                init
 .text.analogReference
                0x000000000000453c       0x64 /Users/jasontse/Documents/jasontsemf.github.io/nitro/.build/mzero_pro_bl/core/core.a(wiring_analog.c.o)
                0x000000000000453c                analogReference
 .text.pinMode  0x00000000000045a0       0x98 /Users/jasontse/Documents/jasontsemf.github.io/nitro/.build/mzero_pro_bl/core/core.a(wiring_digital.c.o)
                0x00000000000045a0                pinMode
 .text.digitalWrite
                0x0000000000004638       0x58 /Users/jasontse/Documents/jasontsemf.github.io/nitro/.build/mzero_pro_bl/core/core.a(wiring_digital.c.o)
                0x0000000000004638                digitalWrite
 .text.pinPeripheral
                0x0000000000004690       0xc0 /Users/jasontse/Documents/jasontsemf.github.io/nitro/.build/mzero_pro_bl/core/core.a(wiring_private.c.o)
                0x0000000000004690                pinPeripheral
 .text.initiateReset
                0x0000000000004750       0x14 /Users/jasontse/Documents/jasontsemf.github.io/nitro/.build/mzero_pro_bl/core/core.a(Reset.cpp.o)
                0x0000000000004750                initiateReset
 .text.cancelReset
                0x0000000000004764       0x10 /Users/jasontse/Documents/jasontsemf.github.io/nitro/.build/mzero_pro_bl/core/core.a(Reset.cpp.o)
                0x0000000000004764                cancelReset
 .text.tickReset
                0x0000000000004774       0x78 /Users/jasontse/Documents/jasontsemf.github.io/nitro/.build/mzero_pro_bl/core/core.a(Reset.cpp.o)
                0x0000000000004774                tickReset
 .text._ZN6SERCOMC2EP6Sercom
                0x00000000000047ec        0x4 /Users/jasontse/Documents/jasontsemf.github.io/nitro/.build/mzero_pro_bl/core/core.a(SERCOM.cpp.o)
                0x00000000000047ec                SERCOM::SERCOM(Sercom*)
                0x00000000000047ec                SERCOM::SERCOM(Sercom*)
 .text._ZN6SERCOM9initFrameE18SercomUartCharSize15SercomDataOrder16SercomParityMode19SercomNumberStopBit
                0x00000000000047f0       0x3a /Users/jasontse/Documents/jasontsemf.github.io/nitro/.build/mzero_pro_bl/core/core.a(SERCOM.cpp.o)
                0x00000000000047f0                SERCOM::initFrame(SercomUartCharSize, SercomDataOrder, SercomParityMode, SercomNumberStopBit)
 .text._ZN6SERCOM8initPadsE15SercomUartTXPad11SercomRXPad
                0x000000000000482a       0x26 /Users/jasontse/Documents/jasontsemf.github.io/nitro/.build/mzero_pro_bl/core/core.a(SERCOM.cpp.o)
                0x000000000000482a                SERCOM::initPads(SercomUartTXPad, SercomRXPad)
 .text._ZN6SERCOM9resetUARTEv
                0x0000000000004850       0x1a /Users/jasontse/Documents/jasontsemf.github.io/nitro/.build/mzero_pro_bl/core/core.a(SERCOM.cpp.o)
                0x0000000000004850                SERCOM::resetUART()
 .text._ZN6SERCOM10enableUARTEv
                0x000000000000486a       0x14 /Users/jasontse/Documents/jasontsemf.github.io/nitro/.build/mzero_pro_bl/core/core.a(SERCOM.cpp.o)
                0x000000000000486a                SERCOM::enableUART()
 .text._ZN6SERCOM9flushUARTEv
                0x000000000000487e       0x10 /Users/jasontse/Documents/jasontsemf.github.io/nitro/.build/mzero_pro_bl/core/core.a(SERCOM.cpp.o)
                0x000000000000487e                SERCOM::flushUART()
 .text._ZN6SERCOM15clearStatusUARTEv
                0x000000000000488e        0x8 /Users/jasontse/Documents/jasontsemf.github.io/nitro/.build/mzero_pro_bl/core/core.a(SERCOM.cpp.o)
                0x000000000000488e                SERCOM::clearStatusUART()
 .text._ZN6SERCOM17availableDataUARTEv
                0x0000000000004896        0xa /Users/jasontse/Documents/jasontsemf.github.io/nitro/.build/mzero_pro_bl/core/core.a(SERCOM.cpp.o)
                0x0000000000004896                SERCOM::availableDataUART()
 .text._ZN6SERCOM11isUARTErrorEv
                0x00000000000048a0        0x8 /Users/jasontse/Documents/jasontsemf.github.io/nitro/.build/mzero_pro_bl/core/core.a(SERCOM.cpp.o)
                0x00000000000048a0                SERCOM::isUARTError()
 .text._ZN6SERCOM20acknowledgeUARTErrorEv
                0x00000000000048a8        0xe /Users/jasontse/Documents/jasontsemf.github.io/nitro/.build/mzero_pro_bl/core/core.a(SERCOM.cpp.o)
                0x00000000000048a8                SERCOM::acknowledgeUARTError()
 .text._ZN6SERCOM16isFrameErrorUARTEv
                0x00000000000048b6        0xa /Users/jasontse/Documents/jasontsemf.github.io/nitro/.build/mzero_pro_bl/core/core.a(SERCOM.cpp.o)
                0x00000000000048b6                SERCOM::isFrameErrorUART()
 .text._ZN6SERCOM19clearFrameErrorUARTEv
                0x00000000000048c0        0xc /Users/jasontse/Documents/jasontsemf.github.io/nitro/.build/mzero_pro_bl/core/core.a(SERCOM.cpp.o)
                0x00000000000048c0                SERCOM::clearFrameErrorUART()
 .text._ZN6SERCOM23isDataRegisterEmptyUARTEv
                0x00000000000048cc        0xa /Users/jasontse/Documents/jasontsemf.github.io/nitro/.build/mzero_pro_bl/core/core.a(SERCOM.cpp.o)
                0x00000000000048cc                SERCOM::isDataRegisterEmptyUART()
 .text._ZN6SERCOM12readDataUARTEv
                0x00000000000048d6        0x8 /Users/jasontse/Documents/jasontsemf.github.io/nitro/.build/mzero_pro_bl/core/core.a(SERCOM.cpp.o)
                0x00000000000048d6                SERCOM::readDataUART()
 .text._ZN6SERCOM13writeDataUARTEh
                0x00000000000048de       0x10 /Users/jasontse/Documents/jasontsemf.github.io/nitro/.build/mzero_pro_bl/core/core.a(SERCOM.cpp.o)
                0x00000000000048de                SERCOM::writeDataUART(unsigned char)
 .text._ZN6SERCOM36enableDataRegisterEmptyInterruptUARTEv
                0x00000000000048ee        0x8 /Users/jasontse/Documents/jasontsemf.github.io/nitro/.build/mzero_pro_bl/core/core.a(SERCOM.cpp.o)
                0x00000000000048ee                SERCOM::enableDataRegisterEmptyInterruptUART()
 .text._ZN6SERCOM37disableDataRegisterEmptyInterruptUARTEv
                0x00000000000048f6        0x8 /Users/jasontse/Documents/jasontsemf.github.io/nitro/.build/mzero_pro_bl/core/core.a(SERCOM.cpp.o)
                0x00000000000048f6                SERCOM::disableDataRegisterEmptyInterruptUART()
 *fill*         0x00000000000048fe        0x2 
 .text._ZN6SERCOM13initClockNVICEv
                0x0000000000004900       0xa8 /Users/jasontse/Documents/jasontsemf.github.io/nitro/.build/mzero_pro_bl/core/core.a(SERCOM.cpp.o)
                0x0000000000004900                SERCOM::initClockNVIC()
 .text._ZN6SERCOM8initUARTE14SercomUartMode20SercomUartSampleRatem
                0x00000000000049a8       0x6c /Users/jasontse/Documents/jasontsemf.github.io/nitro/.build/mzero_pro_bl/core/core.a(SERCOM.cpp.o)
                0x00000000000049a8                SERCOM::initUART(SercomUartMode, SercomUartSampleRate, unsigned long)
 .text._ZN4UartcvbEv
                0x0000000000004a14        0x4 /Users/jasontse/Documents/jasontsemf.github.io/nitro/.build/mzero_pro_bl/core/core.a(Uart.cpp.o)
                0x0000000000004a14                Uart::operator bool()
 .text._ZN4Uart5beginEm
                0x0000000000004a18       0x10 /Users/jasontse/Documents/jasontsemf.github.io/nitro/.build/mzero_pro_bl/core/core.a(Uart.cpp.o)
                0x0000000000004a18                Uart::begin(unsigned long)
 .text._ZN4Uart4peekEv
                0x0000000000004a28       0x1a /Users/jasontse/Documents/jasontsemf.github.io/nitro/.build/mzero_pro_bl/core/core.a(Uart.cpp.o)
                0x0000000000004a28                Uart::peek()
 .text._ZN4Uart3endEv
                0x0000000000004a42       0x20 /Users/jasontse/Documents/jasontsemf.github.io/nitro/.build/mzero_pro_bl/core/core.a(Uart.cpp.o)
                0x0000000000004a42                Uart::end()
 .text._ZN4Uart16extractNbStopBitEt
                0x0000000000004a62        0xc /Users/jasontse/Documents/jasontsemf.github.io/nitro/.build/mzero_pro_bl/core/core.a(Uart.cpp.o)
                0x0000000000004a62                Uart::extractNbStopBit(unsigned short)
 .text._ZN4Uart15extractCharSizeEt
                0x0000000000004a6e       0x28 /Users/jasontse/Documents/jasontsemf.github.io/nitro/.build/mzero_pro_bl/core/core.a(Uart.cpp.o)
                0x0000000000004a6e                Uart::extractCharSize(unsigned short)
 .text._ZN4Uart13extractParityEt
                0x0000000000004a96       0x14 /Users/jasontse/Documents/jasontsemf.github.io/nitro/.build/mzero_pro_bl/core/core.a(Uart.cpp.o)
                0x0000000000004a96                Uart::extractParity(unsigned short)
 *fill*         0x0000000000004aaa        0x2 
 .text._ZN4Uart5beginEmt
                0x0000000000004aac       0xf8 /Users/jasontse/Documents/jasontsemf.github.io/nitro/.build/mzero_pro_bl/core/core.a(Uart.cpp.o)
                0x0000000000004aac                Uart::begin(unsigned long, unsigned short)
 .text._ZN11RingBufferNILi256EEC2Ev
                0x0000000000004ba4       0x1c /Users/jasontse/Documents/jasontsemf.github.io/nitro/.build/mzero_pro_bl/core/core.a(Uart.cpp.o)
                0x0000000000004ba4                RingBufferN<256>::RingBufferN()
                0x0000000000004ba4                RingBufferN<256>::RingBufferN()
 .text._ZN4UartC2EP6SERCOMhh11SercomRXPad15SercomUartTXPad
                0x0000000000004bc0       0x74 /Users/jasontse/Documents/jasontsemf.github.io/nitro/.build/mzero_pro_bl/core/core.a(Uart.cpp.o)
                0x0000000000004bc0                Uart::Uart(SERCOM*, unsigned char, unsigned char, SercomRXPad, SercomUartTXPad)
                0x0000000000004bc0                Uart::Uart(SERCOM*, unsigned char, unsigned char, SercomRXPad, SercomUartTXPad)
 .text._ZN11RingBufferNILi256EE9availableEv
                0x0000000000004c34       0x12 /Users/jasontse/Documents/jasontsemf.github.io/nitro/.build/mzero_pro_bl/core/core.a(Uart.cpp.o)
                0x0000000000004c34                RingBufferN<256>::available()
 .text._ZN4Uart5flushEv
                0x0000000000004c46       0x1a /Users/jasontse/Documents/jasontsemf.github.io/nitro/.build/mzero_pro_bl/core/core.a(Uart.cpp.o)
                0x0000000000004c46                Uart::flush()
 .text._ZN4Uart9availableEv
                0x0000000000004c60        0xa /Users/jasontse/Documents/jasontsemf.github.io/nitro/.build/mzero_pro_bl/core/core.a(Uart.cpp.o)
                0x0000000000004c60                Uart::available()
 .text._ZN11RingBufferNILi256EE17availableForStoreEv
                0x0000000000004c6a       0x20 /Users/jasontse/Documents/jasontsemf.github.io/nitro/.build/mzero_pro_bl/core/core.a(Uart.cpp.o)
                0x0000000000004c6a                RingBufferN<256>::availableForStore()
 .text._ZN4Uart17availableForWriteEv
                0x0000000000004c8a        0xc /Users/jasontse/Documents/jasontsemf.github.io/nitro/.build/mzero_pro_bl/core/core.a(Uart.cpp.o)
                0x0000000000004c8a                Uart::availableForWrite()
 .text._ZN4Uart10IrqHandlerEv
                0x0000000000004c96       0xcc /Users/jasontse/Documents/jasontsemf.github.io/nitro/.build/mzero_pro_bl/core/core.a(Uart.cpp.o)
                0x0000000000004c96                Uart::IrqHandler()
 *fill*         0x0000000000004d62        0x2 
 .text._ZN4Uart5writeEh
                0x0000000000004d64       0xb4 /Users/jasontse/Documents/jasontsemf.github.io/nitro/.build/mzero_pro_bl/core/core.a(Uart.cpp.o)
                0x0000000000004d64                Uart::write(unsigned char)
 .text._ZN4Uart4readEv
                0x0000000000004e18       0x4c /Users/jasontse/Documents/jasontsemf.github.io/nitro/.build/mzero_pro_bl/core/core.a(Uart.cpp.o)
                0x0000000000004e18                Uart::read()
 .text._Z11initVariantv
                0x0000000000004e64        0x2 /Users/jasontse/Documents/jasontsemf.github.io/nitro/.build/mzero_pro_bl/core/core.a(main.cpp.o)
                0x0000000000004e64                initVariant()
 *fill*         0x0000000000004e66        0x2 
 .text.startup.main
                0x0000000000004e68       0x40 /Users/jasontse/Documents/jasontsemf.github.io/nitro/.build/mzero_pro_bl/core/core.a(main.cpp.o)
                0x0000000000004e68                main
 .text._ZN5Print5writeEPKhj
                0x0000000000004ea8       0x28 /Users/jasontse/Documents/jasontsemf.github.io/nitro/.build/mzero_pro_bl/core/core.a(Print.cpp.o)
                0x0000000000004ea8                Print::write(unsigned char const*, unsigned int)
 .text._ZN26DoubleBufferedEPOutHandlerD2Ev
                0x0000000000004ed0        0x2 /Users/jasontse/Documents/jasontsemf.github.io/nitro/.build/mzero_pro_bl/core/core.a(USBCore.cpp.o)
                0x0000000000004ed0                DoubleBufferedEPOutHandler::~DoubleBufferedEPOutHandler()
                0x0000000000004ed0                DoubleBufferedEPOutHandler::~DoubleBufferedEPOutHandler()
 .text._ZN26DoubleBufferedEPOutHandlerD0Ev
                0x0000000000004ed2        0xc /Users/jasontse/Documents/jasontsemf.github.io/nitro/.build/mzero_pro_bl/core/core.a(USBCore.cpp.o)
                0x0000000000004ed2                DoubleBufferedEPOutHandler::~DoubleBufferedEPOutHandler()
 *fill*         0x0000000000004ede        0x2 
 .text._ZN14USBDeviceClass6initEPEmm.part.7
                0x0000000000004ee0       0xc4 /Users/jasontse/Documents/jasontsemf.github.io/nitro/.build/mzero_pro_bl/core/core.a(USBCore.cpp.o)
 .text._ZN7__GuardC2Ev
                0x0000000000004fa4        0xe /Users/jasontse/Documents/jasontsemf.github.io/nitro/.build/mzero_pro_bl/core/core.a(USBCore.cpp.o)
                0x0000000000004fa4                __Guard::__Guard()
                0x0000000000004fa4                __Guard::__Guard()
 .text._ZN7__GuardD2Ev
                0x0000000000004fb2        0xe /Users/jasontse/Documents/jasontsemf.github.io/nitro/.build/mzero_pro_bl/core/core.a(USBCore.cpp.o)
                0x0000000000004fb2                __Guard::~__Guard()
                0x0000000000004fb2                __Guard::~__Guard()
 .text._ZNK26DoubleBufferedEPOutHandler10_availableEv
                0x0000000000004fc0       0x70 /Users/jasontse/Documents/jasontsemf.github.io/nitro/.build/mzero_pro_bl/core/core.a(USBCore.cpp.o)
                0x0000000000004fc0                DoubleBufferedEPOutHandler::_available() const
 .text._ZN26DoubleBufferedEPOutHandler7releaseEv
                0x0000000000005030       0x3c /Users/jasontse/Documents/jasontsemf.github.io/nitro/.build/mzero_pro_bl/core/core.a(USBCore.cpp.o)
                0x0000000000005030                DoubleBufferedEPOutHandler::release()
 .text._ZN26DoubleBufferedEPOutHandler14handleEndpointEv
                0x000000000000506c       0xea /Users/jasontse/Documents/jasontsemf.github.io/nitro/.build/mzero_pro_bl/core/core.a(USBCore.cpp.o)
                0x000000000000506c                DoubleBufferedEPOutHandler::handleEndpoint()
 .text._ZN26DoubleBufferedEPOutHandler5_recvEv
                0x0000000000005156      0x198 /Users/jasontse/Documents/jasontsemf.github.io/nitro/.build/mzero_pro_bl/core/core.a(USBCore.cpp.o)
                0x0000000000005156                DoubleBufferedEPOutHandler::_recv()
 .text._ZN26DoubleBufferedEPOutHandler4peekEv
                0x00000000000052ee       0x22 /Users/jasontse/Documents/jasontsemf.github.io/nitro/.build/mzero_pro_bl/core/core.a(USBCore.cpp.o)
                0x00000000000052ee                DoubleBufferedEPOutHandler::peek()
 .text._ZN26DoubleBufferedEPOutHandler9availableEv
                0x0000000000005310       0x18 /Users/jasontse/Documents/jasontsemf.github.io/nitro/.build/mzero_pro_bl/core/core.a(USBCore.cpp.o)
                0x0000000000005310                DoubleBufferedEPOutHandler::available()
 .text._ZN26DoubleBufferedEPOutHandler4recvEPvm
                0x0000000000005328       0x72 /Users/jasontse/Documents/jasontsemf.github.io/nitro/.build/mzero_pro_bl/core/core.a(USBCore.cpp.o)
                0x0000000000005328                DoubleBufferedEPOutHandler::recv(void*, unsigned long)
 .text._ZN14USBDeviceClass14SendInterfacesEPm
                0x000000000000539a       0x20 /Users/jasontse/Documents/jasontsemf.github.io/nitro/.build/mzero_pro_bl/core/core.a(USBCore.cpp.o)
                0x000000000000539a                USBDeviceClass::SendInterfaces(unsigned long*)
 *fill*         0x00000000000053ba        0x2 
 .text._ZN14USBDeviceClass4initEv
                0x00000000000053bc      0x174 /Users/jasontse/Documents/jasontsemf.github.io/nitro/.build/mzero_pro_bl/core/core.a(USBCore.cpp.o)
                0x00000000000053bc                USBDeviceClass::init()
 .text._ZN14USBDeviceClass6attachEv
                0x0000000000005530       0x34 /Users/jasontse/Documents/jasontsemf.github.io/nitro/.build/mzero_pro_bl/core/core.a(USBCore.cpp.o)
                0x0000000000005530                USBDeviceClass::attach()
 .text._ZN14USBDeviceClass10setAddressEm
                0x0000000000005564       0x48 /Users/jasontse/Documents/jasontsemf.github.io/nitro/.build/mzero_pro_bl/core/core.a(USBCore.cpp.o)
                0x0000000000005564                USBDeviceClass::setAddress(unsigned long)
 .text._ZN14USBDeviceClass25handleClassInterfaceSetupER8USBSetup
                0x00000000000055ac       0x24 /Users/jasontse/Documents/jasontsemf.github.io/nitro/.build/mzero_pro_bl/core/core.a(USBCore.cpp.o)
                0x00000000000055ac                USBDeviceClass::handleClassInterfaceSetup(USBSetup&)
 .text._ZN14USBDeviceClass6initEPEmm
                0x00000000000055d0      0x120 /Users/jasontse/Documents/jasontsemf.github.io/nitro/.build/mzero_pro_bl/core/core.a(USBCore.cpp.o)
                0x00000000000055d0                USBDeviceClass::initEP(unsigned long, unsigned long)
 .text._ZN14USBDeviceClass13initEndpointsEv
                0x00000000000056f0       0x24 /Users/jasontse/Documents/jasontsemf.github.io/nitro/.build/mzero_pro_bl/core/core.a(USBCore.cpp.o)
                0x00000000000056f0                USBDeviceClass::initEndpoints()
 .text._ZN14USBDeviceClass5clearEm
                0x0000000000005714       0x38 /Users/jasontse/Documents/jasontsemf.github.io/nitro/.build/mzero_pro_bl/core/core.a(USBCore.cpp.o)
                0x0000000000005714                USBDeviceClass::clear(unsigned long)
 .text._ZN14USBDeviceClass9availableEm
                0x000000000000574c       0x2c /Users/jasontse/Documents/jasontsemf.github.io/nitro/.build/mzero_pro_bl/core/core.a(USBCore.cpp.o)
                0x000000000000574c                USBDeviceClass::available(unsigned long)
 .text._ZN14USBDeviceClass5flushEm
                0x0000000000005778       0x2c /Users/jasontse/Documents/jasontsemf.github.io/nitro/.build/mzero_pro_bl/core/core.a(USBCore.cpp.o)
                0x0000000000005778                USBDeviceClass::flush(unsigned long)
 .text._ZN14USBDeviceClass4recvEmPvm
                0x00000000000057a4       0xdc /Users/jasontse/Documents/jasontsemf.github.io/nitro/.build/mzero_pro_bl/core/core.a(USBCore.cpp.o)
                0x00000000000057a4                USBDeviceClass::recv(unsigned long, void*, unsigned long)
 .text._ZN14USBDeviceClass4recvEm
                0x0000000000005880       0x1c /Users/jasontse/Documents/jasontsemf.github.io/nitro/.build/mzero_pro_bl/core/core.a(USBCore.cpp.o)
                0x0000000000005880                USBDeviceClass::recv(unsigned long)
 .text._ZN14USBDeviceClass14armRecvCtrlOUTEm
                0x000000000000589c       0x5c /Users/jasontse/Documents/jasontsemf.github.io/nitro/.build/mzero_pro_bl/core/core.a(USBCore.cpp.o)
                0x000000000000589c                USBDeviceClass::armRecvCtrlOUT(unsigned long)
 .text._ZN14USBDeviceClass11recvControlEPvm
                0x00000000000058f8       0x28 /Users/jasontse/Documents/jasontsemf.github.io/nitro/.build/mzero_pro_bl/core/core.a(USBCore.cpp.o)
                0x00000000000058f8                USBDeviceClass::recvControl(void*, unsigned long)
 .text._ZN14USBDeviceClass4sendEmPKvm
                0x0000000000005920      0x124 /Users/jasontse/Documents/jasontsemf.github.io/nitro/.build/mzero_pro_bl/core/core.a(USBCore.cpp.o)
                0x0000000000005920                USBDeviceClass::send(unsigned long, void const*, unsigned long)
 .text._ZN14USBDeviceClass7armSendEmPKvm
                0x0000000000005a44       0x48 /Users/jasontse/Documents/jasontsemf.github.io/nitro/.build/mzero_pro_bl/core/core.a(USBCore.cpp.o)
                0x0000000000005a44                USBDeviceClass::armSend(unsigned long, void const*, unsigned long)
 .text._ZN14USBDeviceClass11sendControlEPKvm
                0x0000000000005a8c       0x54 /Users/jasontse/Documents/jasontsemf.github.io/nitro/.build/mzero_pro_bl/core/core.a(USBCore.cpp.o)
                0x0000000000005a8c                USBDeviceClass::sendControl(void const*, unsigned long)
 .text._ZN14USBDeviceClass20sendStringDescriptorEPKhm
                0x0000000000005ae0       0x64 /Users/jasontse/Documents/jasontsemf.github.io/nitro/.build/mzero_pro_bl/core/core.a(USBCore.cpp.o)
                0x0000000000005ae0                USBDeviceClass::sendStringDescriptor(unsigned char const*, unsigned long)
 .text._ZN14USBDeviceClass17sendConfigurationEm
                0x0000000000005b44       0x80 /Users/jasontse/Documents/jasontsemf.github.io/nitro/.build/mzero_pro_bl/core/core.a(USBCore.cpp.o)
                0x0000000000005b44                USBDeviceClass::sendConfiguration(unsigned long)
 .text._ZN14USBDeviceClass14sendDescriptorER8USBSetup
                0x0000000000005bc4       0xe0 /Users/jasontse/Documents/jasontsemf.github.io/nitro/.build/mzero_pro_bl/core/core.a(USBCore.cpp.o)
                0x0000000000005bc4                USBDeviceClass::sendDescriptor(USBSetup&)
 .text._ZN14USBDeviceClass7sendZlpEm
                0x0000000000005ca4       0x18 /Users/jasontse/Documents/jasontsemf.github.io/nitro/.build/mzero_pro_bl/core/core.a(USBCore.cpp.o)
                0x0000000000005ca4                USBDeviceClass::sendZlp(unsigned long)
 .text._ZN14USBDeviceClass19handleStandardSetupER8USBSetup
                0x0000000000005cbc       0xf0 /Users/jasontse/Documents/jasontsemf.github.io/nitro/.build/mzero_pro_bl/core/core.a(USBCore.cpp.o)
                0x0000000000005cbc                USBDeviceClass::handleStandardSetup(USBSetup&)
 .text._ZN14USBDeviceClass10ISRHandlerEv
                0x0000000000005dac      0x150 /Users/jasontse/Documents/jasontsemf.github.io/nitro/.build/mzero_pro_bl/core/core.a(USBCore.cpp.o)
                0x0000000000005dac                USBDeviceClass::ISRHandler()
 .text.UDD_Handler
                0x0000000000005efc       0x10 /Users/jasontse/Documents/jasontsemf.github.io/nitro/.build/mzero_pro_bl/core/core.a(USBCore.cpp.o)
                0x0000000000005efc                UDD_Handler
 .text.startup._GLOBAL__sub_I_usbd
                0x0000000000005f0c       0x10 /Users/jasontse/Documents/jasontsemf.github.io/nitro/.build/mzero_pro_bl/core/core.a(USBCore.cpp.o)
 .text._Znwj    0x0000000000005f1c        0x8 /Users/jasontse/Documents/jasontsemf.github.io/nitro/.build/mzero_pro_bl/core/core.a(new.cpp.o)
                0x0000000000005f1c                operator new(unsigned int)
 .text._ZdlPv   0x0000000000005f24        0x8 /Users/jasontse/Documents/jasontsemf.github.io/nitro/.build/mzero_pro_bl/core/core.a(new.cpp.o)
                0x0000000000005f24                operator delete(void*)
 .text._ZN7Serial_13getDescriptorER8USBSetup
                0x0000000000005f2c        0x4 /Users/jasontse/Documents/jasontsemf.github.io/nitro/.build/mzero_pro_bl/core/core.a(CDC.cpp.o)
                0x0000000000005f2c                Serial_::getDescriptor(USBSetup&)
 .text._ZL5utox8mPc
                0x0000000000005f30       0x24 /Users/jasontse/Documents/jasontsemf.github.io/nitro/.build/mzero_pro_bl/core/core.a(CDC.cpp.o)
 .text._ZN7Serial_12getShortNameEPc
                0x0000000000005f54       0x44 /Users/jasontse/Documents/jasontsemf.github.io/nitro/.build/mzero_pro_bl/core/core.a(CDC.cpp.o)
                0x0000000000005f54                Serial_::getShortName(char*)
 .text._ZThn16_N7Serial_12getShortNameEPc
                0x0000000000005f98       0x10 /Users/jasontse/Documents/jasontsemf.github.io/nitro/.build/mzero_pro_bl/core/core.a(CDC.cpp.o)
                0x0000000000005f98                non-virtual thunk to Serial_::getShortName(char*)
 .text._ZN7Serial_14handleEndpointEi
                0x0000000000005fa8        0x2 /Users/jasontse/Documents/jasontsemf.github.io/nitro/.build/mzero_pro_bl/core/core.a(CDC.cpp.o)
                0x0000000000005fa8                Serial_::handleEndpoint(int)
 .text._ZN7Serial_17availableForWriteEv
                0x0000000000005faa        0x4 /Users/jasontse/Documents/jasontsemf.github.io/nitro/.build/mzero_pro_bl/core/core.a(CDC.cpp.o)
                0x0000000000005faa                Serial_::availableForWrite()
 .text._ZN7Serial_5writeEh
                0x0000000000005fae       0x14 /Users/jasontse/Documents/jasontsemf.github.io/nitro/.build/mzero_pro_bl/core/core.a(CDC.cpp.o)
                0x0000000000005fae                Serial_::write(unsigned char)
 *fill*         0x0000000000005fc2        0x2 
 .text._ZN7Serial_12getInterfaceEPh
                0x0000000000005fc4      0x11c /Users/jasontse/Documents/jasontsemf.github.io/nitro/.build/mzero_pro_bl/core/core.a(CDC.cpp.o)
                0x0000000000005fc4                Serial_::getInterface(unsigned char*)
 .text._ZThn16_N7Serial_12getInterfaceEPh
                0x00000000000060e0       0x10 /Users/jasontse/Documents/jasontsemf.github.io/nitro/.build/mzero_pro_bl/core/core.a(CDC.cpp.o)
                0x00000000000060e0                non-virtual thunk to Serial_::getInterface(unsigned char*)
 .text._ZN7Serial_5setupER8USBSetup
                0x00000000000060f0       0xa8 /Users/jasontse/Documents/jasontsemf.github.io/nitro/.build/mzero_pro_bl/core/core.a(CDC.cpp.o)
                0x00000000000060f0                Serial_::setup(USBSetup&)
 .text._ZThn16_N7Serial_5setupER8USBSetup
                0x0000000000006198       0x10 /Users/jasontse/Documents/jasontsemf.github.io/nitro/.build/mzero_pro_bl/core/core.a(CDC.cpp.o)
                0x0000000000006198                non-virtual thunk to Serial_::setup(USBSetup&)
 .text._ZN7Serial_9availableEv
                0x00000000000061a8       0x20 /Users/jasontse/Documents/jasontsemf.github.io/nitro/.build/mzero_pro_bl/core/core.a(CDC.cpp.o)
                0x00000000000061a8                Serial_::available()
 .text._ZN7Serial_5flushEv
                0x00000000000061c8        0xe /Users/jasontse/Documents/jasontsemf.github.io/nitro/.build/mzero_pro_bl/core/core.a(CDC.cpp.o)
                0x00000000000061c8                Serial_::flush()
 .text._ZN7Serial_5clearEv
                0x00000000000061d6        0xe /Users/jasontse/Documents/jasontsemf.github.io/nitro/.build/mzero_pro_bl/core/core.a(CDC.cpp.o)
                0x00000000000061d6                Serial_::clear()
 .text._ZN7Serial_5writeEPKhj
                0x00000000000061e4       0x1e /Users/jasontse/Documents/jasontsemf.github.io/nitro/.build/mzero_pro_bl/core/core.a(CDC.cpp.o)
                0x00000000000061e4                Serial_::write(unsigned char const*, unsigned int)
 *fill*         0x0000000000006202        0x2 
 .text._ZN7Serial_4peekEv
                0x0000000000006204       0x1c /Users/jasontse/Documents/jasontsemf.github.io/nitro/.build/mzero_pro_bl/core/core.a(CDC.cpp.o)
                0x0000000000006204                Serial_::peek()
 .text._ZN7Serial_4readEv
                0x0000000000006220       0x24 /Users/jasontse/Documents/jasontsemf.github.io/nitro/.build/mzero_pro_bl/core/core.a(CDC.cpp.o)
                0x0000000000006220                Serial_::read()
 .text._ZThn16_N7Serial_14handleEndpointEi
                0x0000000000006244        0x2 /Users/jasontse/Documents/jasontsemf.github.io/nitro/.build/mzero_pro_bl/core/core.a(CDC.cpp.o)
                0x0000000000006244                non-virtual thunk to Serial_::handleEndpoint(int)
 .text._ZThn16_N7Serial_13getDescriptorER8USBSetup
                0x0000000000006246        0x4 /Users/jasontse/Documents/jasontsemf.github.io/nitro/.build/mzero_pro_bl/core/core.a(CDC.cpp.o)
                0x0000000000006246                non-virtual thunk to Serial_::getDescriptor(USBSetup&)
 *fill*         0x000000000000624a        0x2 
 .text._ZN7Serial_C2ER14USBDeviceClass
                0x000000000000624c       0x50 /Users/jasontse/Documents/jasontsemf.github.io/nitro/.build/mzero_pro_bl/core/core.a(CDC.cpp.o)
                0x000000000000624c                Serial_::Serial_(USBDeviceClass&)
                0x000000000000624c                Serial_::Serial_(USBDeviceClass&)
 .text._ZN7Serial_15enableInterruptEv
                0x000000000000629c       0x30 /Users/jasontse/Documents/jasontsemf.github.io/nitro/.build/mzero_pro_bl/core/core.a(CDC.cpp.o)
                0x000000000000629c                Serial_::enableInterrupt()
 .text._ZN7Serial_5beginEm
                0x00000000000062cc        0x2 /Users/jasontse/Documents/jasontsemf.github.io/nitro/.build/mzero_pro_bl/core/core.a(CDC.cpp.o)
                0x00000000000062cc                Serial_::begin(unsigned long)
 *fill*         0x00000000000062ce        0x2 
 .text.startup._GLOBAL__sub_I__ZN7Serial_12getInterfaceEPh
                0x00000000000062d0       0x14 /Users/jasontse/Documents/jasontsemf.github.io/nitro/.build/mzero_pro_bl/core/core.a(CDC.cpp.o)
 .text._ZN13PluggableUSB_12getInterfaceEPh
                0x00000000000062e4       0x28 /Users/jasontse/Documents/jasontsemf.github.io/nitro/.build/mzero_pro_bl/core/core.a(PluggableUSB.cpp.o)
                0x00000000000062e4                PluggableUSB_::getInterface(unsigned char*)
 .text._ZN13PluggableUSB_13getDescriptorER8USBSetup
                0x000000000000630c       0x20 /Users/jasontse/Documents/jasontsemf.github.io/nitro/.build/mzero_pro_bl/core/core.a(PluggableUSB.cpp.o)
                0x000000000000630c                PluggableUSB_::getDescriptor(USBSetup&)
 .text._ZN13PluggableUSB_12getShortNameEPc
                0x000000000000632c       0x26 /Users/jasontse/Documents/jasontsemf.github.io/nitro/.build/mzero_pro_bl/core/core.a(PluggableUSB.cpp.o)
                0x000000000000632c                PluggableUSB_::getShortName(char*)
 .text._ZN13PluggableUSB_5setupER8USBSetup
                0x0000000000006352       0x20 /Users/jasontse/Documents/jasontsemf.github.io/nitro/.build/mzero_pro_bl/core/core.a(PluggableUSB.cpp.o)
                0x0000000000006352                PluggableUSB_::setup(USBSetup&)
 .text._ZN13PluggableUSB_14handleEndpointEi
                0x0000000000006372       0x1a /Users/jasontse/Documents/jasontsemf.github.io/nitro/.build/mzero_pro_bl/core/core.a(PluggableUSB.cpp.o)
                0x0000000000006372                PluggableUSB_::handleEndpoint(int)
 .text._ZN13PluggableUSB_4plugEP18PluggableUSBModule
                0x000000000000638c       0x58 /Users/jasontse/Documents/jasontsemf.github.io/nitro/.build/mzero_pro_bl/core/core.a(PluggableUSB.cpp.o)
                0x000000000000638c                PluggableUSB_::plug(PluggableUSBModule*)
 .text._Z12PluggableUSBv
                0x00000000000063e4       0x24 /Users/jasontse/Documents/jasontsemf.github.io/nitro/.build/mzero_pro_bl/core/core.a(PluggableUSB.cpp.o)
                0x00000000000063e4                PluggableUSB()
 .text          0x0000000000006408       0x14 /Users/jasontse/Library/Arduino15/packages/arduino/tools/arm-none-eabi-gcc/7-2017q4/bin/../lib/gcc/arm-none-eabi/7.2.1/thumb/v6-m/libgcc.a(_thumb1_case_uqi.o)
                0x0000000000006408                __gnu_thumb1_case_uqi
 .text          0x000000000000641c      0x114 /Users/jasontse/Library/Arduino15/packages/arduino/tools/arm-none-eabi-gcc/7-2017q4/bin/../lib/gcc/arm-none-eabi/7.2.1/thumb/v6-m/libgcc.a(_udivsi3.o)
                0x000000000000641c                __udivsi3
                0x000000000000641c                __aeabi_uidiv
                0x0000000000006528                __aeabi_uidivmod
 .text          0x0000000000006530        0x4 /Users/jasontse/Library/Arduino15/packages/arduino/tools/arm-none-eabi-gcc/7-2017q4/bin/../lib/gcc/arm-none-eabi/7.2.1/thumb/v6-m/libgcc.a(_dvmd_tls.o)
                0x0000000000006530                __aeabi_ldiv0
                0x0000000000006530                __aeabi_idiv0
 .text.__libc_init_array
                0x0000000000006534       0x48 /Users/jasontse/Library/Arduino15/packages/arduino/tools/arm-none-eabi-gcc/7-2017q4/bin/../lib/gcc/arm-none-eabi/7.2.1/../../../../arm-none-eabi/lib/thumb/v6-m/libc_nano.a(lib_a-init.o)
                0x0000000000006534                __libc_init_array
 .text.malloc   0x000000000000657c       0x14 /Users/jasontse/Library/Arduino15/packages/arduino/tools/arm-none-eabi-gcc/7-2017q4/bin/../lib/gcc/arm-none-eabi/7.2.1/../../../../arm-none-eabi/lib/thumb/v6-m/libc_nano.a(lib_a-malloc.o)
                0x000000000000657c                malloc
 .text.free     0x0000000000006590       0x14 /Users/jasontse/Library/Arduino15/packages/arduino/tools/arm-none-eabi-gcc/7-2017q4/bin/../lib/gcc/arm-none-eabi/7.2.1/../../../../arm-none-eabi/lib/thumb/v6-m/libc_nano.a(lib_a-malloc.o)
                0x0000000000006590                free
 .text.memcpy   0x00000000000065a4       0x12 /Users/jasontse/Library/Arduino15/packages/arduino/tools/arm-none-eabi-gcc/7-2017q4/bin/../lib/gcc/arm-none-eabi/7.2.1/../../../../arm-none-eabi/lib/thumb/v6-m/libc_nano.a(lib_a-memcpy-stub.o)
                0x00000000000065a4                memcpy
 .text.memset   0x00000000000065b6       0x10 /Users/jasontse/Library/Arduino15/packages/arduino/tools/arm-none-eabi-gcc/7-2017q4/bin/../lib/gcc/arm-none-eabi/7.2.1/../../../../arm-none-eabi/lib/thumb/v6-m/libc_nano.a(lib_a-memset.o)
                0x00000000000065b6                memset
 *fill*         0x00000000000065c6        0x2 
 .text._free_r  0x00000000000065c8       0x94 /Users/jasontse/Library/Arduino15/packages/arduino/tools/arm-none-eabi-gcc/7-2017q4/bin/../lib/gcc/arm-none-eabi/7.2.1/../../../../arm-none-eabi/lib/thumb/v6-m/libc_nano.a(lib_a-nano-freer.o)
                0x00000000000065c8                _free_r
 .text._malloc_r
                0x000000000000665c       0xbc /Users/jasontse/Library/Arduino15/packages/arduino/tools/arm-none-eabi-gcc/7-2017q4/bin/../lib/gcc/arm-none-eabi/7.2.1/../../../../arm-none-eabi/lib/thumb/v6-m/libc_nano.a(lib_a-nano-mallocr.o)
                0x000000000000665c                _malloc_r
 .text._sbrk_r  0x0000000000006718       0x24 /Users/jasontse/Library/Arduino15/packages/arduino/tools/arm-none-eabi-gcc/7-2017q4/bin/../lib/gcc/arm-none-eabi/7.2.1/../../../../arm-none-eabi/lib/thumb/v6-m/libc_nano.a(lib_a-sbrkr.o)
                0x0000000000006718                _sbrk_r
 .text          0x000000000000673c        0xe /Users/jasontse/Library/Arduino15/packages/arduino/tools/arm-none-eabi-gcc/7-2017q4/bin/../lib/gcc/arm-none-eabi/7.2.1/../../../../arm-none-eabi/lib/thumb/v6-m/libc_nano.a(lib_a-strlen.o)
                0x000000000000673c                strlen
 .text.__malloc_lock
                0x000000000000674a        0x2 /Users/jasontse/Library/Arduino15/packages/arduino/tools/arm-none-eabi-gcc/7-2017q4/bin/../lib/gcc/arm-none-eabi/7.2.1/../../../../arm-none-eabi/lib/thumb/v6-m/libc_nano.a(lib_a-mlock.o)
                0x000000000000674a                __malloc_lock
 .text.__malloc_unlock
                0x000000000000674c        0x2 /Users/jasontse/Library/Arduino15/packages/arduino/tools/arm-none-eabi-gcc/7-2017q4/bin/../lib/gcc/arm-none-eabi/7.2.1/../../../../arm-none-eabi/lib/thumb/v6-m/libc_nano.a(lib_a-mlock.o)
                0x000000000000674c                __malloc_unlock
 *fill*         0x000000000000674e        0x2 
 .text._sbrk    0x0000000000006750       0x1c /Users/jasontse/Library/Arduino15/packages/arduino/tools/arm-none-eabi-gcc/7-2017q4/bin/../lib/gcc/arm-none-eabi/7.2.1/../../../../arm-none-eabi/lib/thumb/v6-m/libnosys.a(sbrk.o)
                0x0000000000006750                _sbrk
 *(.init)
 .init          0x000000000000676c        0x4 /Users/jasontse/Library/Arduino15/packages/arduino/tools/arm-none-eabi-gcc/7-2017q4/bin/../lib/gcc/arm-none-eabi/7.2.1/thumb/v6-m/crti.o
                0x000000000000676c                _init
 .init          0x0000000000006770        0x8 /Users/jasontse/Library/Arduino15/packages/arduino/tools/arm-none-eabi-gcc/7-2017q4/bin/../lib/gcc/arm-none-eabi/7.2.1/thumb/v6-m/crtn.o
 *(.fini)
 .fini          0x0000000000006778        0x4 /Users/jasontse/Library/Arduino15/packages/arduino/tools/arm-none-eabi-gcc/7-2017q4/bin/../lib/gcc/arm-none-eabi/7.2.1/thumb/v6-m/crti.o
                0x0000000000006778                _fini
 .fini          0x000000000000677c        0x8 /Users/jasontse/Library/Arduino15/packages/arduino/tools/arm-none-eabi-gcc/7-2017q4/bin/../lib/gcc/arm-none-eabi/7.2.1/thumb/v6-m/crtn.o
 *crtbegin.o(.ctors)
 *crtbegin?.o(.ctors)
 *(EXCLUDE_FILE(*crtend.o *crtend?.o) .ctors)
 *(SORT_BY_NAME(.ctors.*))
 *(.ctors)
 *crtbegin.o(.dtors)
 *crtbegin?.o(.dtors)
 *(EXCLUDE_FILE(*crtend.o *crtend?.o) .dtors)
 *(SORT_BY_NAME(.dtors.*))
 *(.dtors)
 *(.rodata*)
 .rodata.g_APinDescription
                0x0000000000006784      0x480 /Users/jasontse/Documents/jasontsemf.github.io/nitro/.build/mzero_pro_bl/core/variant.cpp.o
                0x0000000000006784                g_APinDescription
 .rodata._ZTV4Uart
                0x0000000000006c04       0x34 /Users/jasontse/Documents/jasontsemf.github.io/nitro/.build/mzero_pro_bl/core/core.a(Uart.cpp.o)
                0x0000000000006c04                vtable for Uart
 .rodata._ZTV26DoubleBufferedEPOutHandler
                0x0000000000006c38       0x24 /Users/jasontse/Documents/jasontsemf.github.io/nitro/.build/mzero_pro_bl/core/core.a(USBCore.cpp.o)
                0x0000000000006c38                vtable for DoubleBufferedEPOutHandler
 .rodata._ZL14STRING_PRODUCT
                0x0000000000006c5c        0xf /Users/jasontse/Documents/jasontsemf.github.io/nitro/.build/mzero_pro_bl/core/core.a(USBCore.cpp.o)
 *fill*         0x0000000000006c6b        0x1 
 .rodata._ZL15STRING_LANGUAGE
                0x0000000000006c6c        0x4 /Users/jasontse/Documents/jasontsemf.github.io/nitro/.build/mzero_pro_bl/core/core.a(USBCore.cpp.o)
 .rodata._ZL19STRING_MANUFACTURER
                0x0000000000006c70        0x8 /Users/jasontse/Documents/jasontsemf.github.io/nitro/.build/mzero_pro_bl/core/core.a(USBCore.cpp.o)
 .rodata._ZL21USB_DeviceDescriptorB
                0x0000000000006c78       0x12 /Users/jasontse/Documents/jasontsemf.github.io/nitro/.build/mzero_pro_bl/core/core.a(USBCore.cpp.o)
 *fill*         0x0000000000006c8a        0x2 
 .rodata._ZTV7Serial_
                0x0000000000006c8c       0x58 /Users/jasontse/Documents/jasontsemf.github.io/nitro/.build/mzero_pro_bl/core/core.a(CDC.cpp.o)
                0x0000000000006c8c                vtable for Serial_
 *(.eh_frame*)
 .eh_frame      0x0000000000006ce4        0x0 /Users/jasontse/Library/Arduino15/packages/arduino/tools/arm-none-eabi-gcc/7-2017q4/bin/../lib/gcc/arm-none-eabi/7.2.1/thumb/v6-m/crtbegin.o
 .eh_frame      0x0000000000006ce4        0x4 /Users/jasontse/Library/Arduino15/packages/arduino/tools/arm-none-eabi-gcc/7-2017q4/bin/../lib/gcc/arm-none-eabi/7.2.1/thumb/v6-m/crtend.o

.glue_7         0x0000000000006ce8        0x0
 .glue_7        0x0000000000006ce8        0x0 linker stubs

.glue_7t        0x0000000000006ce8        0x0
 .glue_7t       0x0000000000006ce8        0x0 linker stubs

.vfp11_veneer   0x0000000000006ce8        0x0
 .vfp11_veneer  0x0000000000006ce8        0x0 linker stubs

.v4_bx          0x0000000000006ce8        0x0
 .v4_bx         0x0000000000006ce8        0x0 linker stubs

.iplt           0x0000000000006ce8        0x0
 .iplt          0x0000000000006ce8        0x0 /Users/jasontse/Library/Arduino15/packages/arduino/tools/arm-none-eabi-gcc/7-2017q4/bin/../lib/gcc/arm-none-eabi/7.2.1/thumb/v6-m/crtbegin.o

.rel.dyn        0x0000000000006ce8        0x0
 .rel.iplt      0x0000000000006ce8        0x0 /Users/jasontse/Library/Arduino15/packages/arduino/tools/arm-none-eabi-gcc/7-2017q4/bin/../lib/gcc/arm-none-eabi/7.2.1/thumb/v6-m/crtbegin.o

.ARM.extab
 *(.ARM.extab* .gnu.linkonce.armextab.*)
                0x0000000000006ce8                __exidx_start = .

.ARM.exidx
 *(.ARM.exidx* .gnu.linkonce.armexidx.*)
                0x0000000000006ce8                __exidx_end = .
                0x0000000000006ce8                __etext = .

.data           0x0000000020000000       0x90 load address 0x0000000000006ce8
                0x0000000020000000                __data_start__ = .
 *(vtable)
 *(.data*)
 .data.SystemCoreClock
                0x0000000020000000        0x4 /Users/jasontse/Documents/jasontsemf.github.io/nitro/.build/mzero_pro_bl/core/core.a(wiring.c.o)
                0x0000000020000000                SystemCoreClock
 .data._ZL5ticks
                0x0000000020000004        0x4 /Users/jasontse/Documents/jasontsemf.github.io/nitro/.build/mzero_pro_bl/core/core.a(Reset.cpp.o)
 .data._ZL10breakValue
                0x0000000020000008        0x4 /Users/jasontse/Documents/jasontsemf.github.io/nitro/.build/mzero_pro_bl/core/core.a(CDC.cpp.o)
 .data._ZL12_usbLineInfo
                0x000000002000000c        0x8 /Users/jasontse/Documents/jasontsemf.github.io/nitro/.build/mzero_pro_bl/core/core.a(CDC.cpp.o)
 .data._serialPeek
                0x0000000020000014        0x4 /Users/jasontse/Documents/jasontsemf.github.io/nitro/.build/mzero_pro_bl/core/core.a(CDC.cpp.o)
                0x0000000020000014                _serialPeek
 .data._impure_ptr
                0x0000000020000018        0x4 /Users/jasontse/Library/Arduino15/packages/arduino/tools/arm-none-eabi-gcc/7-2017q4/bin/../lib/gcc/arm-none-eabi/7.2.1/../../../../arm-none-eabi/lib/thumb/v6-m/libc_nano.a(lib_a-impure.o)
                0x0000000020000018                _impure_ptr
 .data.impure_data
                0x000000002000001c       0x60 /Users/jasontse/Library/Arduino15/packages/arduino/tools/arm-none-eabi-gcc/7-2017q4/bin/../lib/gcc/arm-none-eabi/7.2.1/../../../../arm-none-eabi/lib/thumb/v6-m/libc_nano.a(lib_a-impure.o)
                0x000000002000007c                . = ALIGN (0x4)
                0x000000002000007c                PROVIDE (__preinit_array_start, .)
 *(.preinit_array)
                0x000000002000007c                PROVIDE (__preinit_array_end, .)
                0x000000002000007c                . = ALIGN (0x4)
                0x000000002000007c                PROVIDE (__init_array_start, .)
 *(SORT_BY_NAME(.init_array.*))
 *(.init_array)
 .init_array    0x000000002000007c        0x4 /Users/jasontse/Library/Arduino15/packages/arduino/tools/arm-none-eabi-gcc/7-2017q4/bin/../lib/gcc/arm-none-eabi/7.2.1/thumb/v6-m/crtbegin.o
 .init_array    0x0000000020000080        0x4 /Users/jasontse/Documents/jasontsemf.github.io/nitro/.build/mzero_pro_bl/core/variant.cpp.o
 .init_array    0x0000000020000084        0x4 /Users/jasontse/Documents/jasontsemf.github.io/nitro/.build/mzero_pro_bl/core/core.a(USBCore.cpp.o)
 .init_array    0x0000000020000088        0x4 /Users/jasontse/Documents/jasontsemf.github.io/nitro/.build/mzero_pro_bl/core/core.a(CDC.cpp.o)
                0x000000002000008c                PROVIDE (__init_array_end, .)
                0x000000002000008c                . = ALIGN (0x4)
                [!provide]                        PROVIDE (__fini_array_start, .)
 *(SORT_BY_NAME(.fini_array.*))
 *(.fini_array)
 .fini_array    0x000000002000008c        0x4 /Users/jasontse/Library/Arduino15/packages/arduino/tools/arm-none-eabi-gcc/7-2017q4/bin/../lib/gcc/arm-none-eabi/7.2.1/thumb/v6-m/crtbegin.o
                [!provide]                        PROVIDE (__fini_array_end, .)
 *(.jcr*)
                0x0000000020000090                . = ALIGN (0x4)
                0x0000000020000090                __data_end__ = .

.igot.plt       0x0000000020000090        0x0 load address 0x0000000000006d78
 .igot.plt      0x0000000020000090        0x0 /Users/jasontse/Library/Arduino15/packages/arduino/tools/arm-none-eabi-gcc/7-2017q4/bin/../lib/gcc/arm-none-eabi/7.2.1/thumb/v6-m/crtbegin.o

.bss            0x0000000020000090      0xae8 load address 0x0000000000006d78
                0x0000000020000090                . = ALIGN (0x4)
                0x0000000020000090                __bss_start__ = .
 *(.bss*)
 .bss           0x0000000020000090       0x1c /Users/jasontse/Library/Arduino15/packages/arduino/tools/arm-none-eabi-gcc/7-2017q4/bin/../lib/gcc/arm-none-eabi/7.2.1/thumb/v6-m/crtbegin.o
 .bss.Serial    0x00000000200000ac      0x23c /Users/jasontse/Documents/jasontsemf.github.io/nitro/.build/mzero_pro_bl/core/variant.cpp.o
                0x00000000200000ac                Serial
 .bss.Serial1   0x00000000200002e8      0x23c /Users/jasontse/Documents/jasontsemf.github.io/nitro/.build/mzero_pro_bl/core/variant.cpp.o
                0x00000000200002e8                Serial1
 .bss.sercom0   0x0000000020000524        0x4 /Users/jasontse/Documents/jasontsemf.github.io/nitro/.build/mzero_pro_bl/core/variant.cpp.o
                0x0000000020000524                sercom0
 .bss.sercom1   0x0000000020000528        0x4 /Users/jasontse/Documents/jasontsemf.github.io/nitro/.build/mzero_pro_bl/core/variant.cpp.o
                0x0000000020000528                sercom1
 .bss.sercom2   0x000000002000052c        0x4 /Users/jasontse/Documents/jasontsemf.github.io/nitro/.build/mzero_pro_bl/core/variant.cpp.o
                0x000000002000052c                sercom2
 .bss.sercom3   0x0000000020000530        0x4 /Users/jasontse/Documents/jasontsemf.github.io/nitro/.build/mzero_pro_bl/core/variant.cpp.o
                0x0000000020000530                sercom3
 .bss.sercom4   0x0000000020000534        0x4 /Users/jasontse/Documents/jasontsemf.github.io/nitro/.build/mzero_pro_bl/core/variant.cpp.o
                0x0000000020000534                sercom4
 .bss.sercom5   0x0000000020000538        0x4 /Users/jasontse/Documents/jasontsemf.github.io/nitro/.build/mzero_pro_bl/core/variant.cpp.o
                0x0000000020000538                sercom5
 .bss.usb_isr   0x000000002000053c        0x4 /Users/jasontse/Documents/jasontsemf.github.io/nitro/.build/mzero_pro_bl/core/core.a(cortex_handlers.c.o)
 .bss._ulTickCount
                0x0000000020000540        0x4 /Users/jasontse/Documents/jasontsemf.github.io/nitro/.build/mzero_pro_bl/core/core.a(delay.c.o)
 .bss.EndPoints
                0x0000000020000544       0x28 /Users/jasontse/Documents/jasontsemf.github.io/nitro/.build/mzero_pro_bl/core/core.a(USBCore.cpp.o)
                0x0000000020000544                EndPoints
 .bss.USBDevice
                0x000000002000056c        0x1 /Users/jasontse/Documents/jasontsemf.github.io/nitro/.build/mzero_pro_bl/core/core.a(USBCore.cpp.o)
                0x000000002000056c                USBDevice
 *fill*         0x000000002000056d        0x3 
 .bss._ZL10epHandlers
                0x0000000020000570       0x1c /Users/jasontse/Documents/jasontsemf.github.io/nitro/.build/mzero_pro_bl/core/core.a(USBCore.cpp.o)
 .bss._ZL10rxLEDPulse
                0x000000002000058c        0x1 /Users/jasontse/Documents/jasontsemf.github.io/nitro/.build/mzero_pro_bl/core/core.a(USBCore.cpp.o)
 .bss._ZL10txLEDPulse
                0x000000002000058d        0x1 /Users/jasontse/Documents/jasontsemf.github.io/nitro/.build/mzero_pro_bl/core/core.a(USBCore.cpp.o)
 .bss._ZL14isEndpointHalt
                0x000000002000058e        0x1 /Users/jasontse/Documents/jasontsemf.github.io/nitro/.build/mzero_pro_bl/core/core.a(USBCore.cpp.o)
 .bss._ZL20LastTransmitTimedOut
                0x000000002000058f        0x7 /Users/jasontse/Documents/jasontsemf.github.io/nitro/.build/mzero_pro_bl/core/core.a(USBCore.cpp.o)
 .bss._ZL21isRemoteWakeUpEnabled
                0x0000000020000596        0x1 /Users/jasontse/Documents/jasontsemf.github.io/nitro/.build/mzero_pro_bl/core/core.a(USBCore.cpp.o)
 *fill*         0x0000000020000597        0x1 
 .bss._ZL22udd_ep_in_cache_buffer
                0x0000000020000598      0x1c0 /Users/jasontse/Documents/jasontsemf.github.io/nitro/.build/mzero_pro_bl/core/core.a(USBCore.cpp.o)
 .bss._ZL23udd_ep_out_cache_buffer
                0x0000000020000758      0x1c0 /Users/jasontse/Documents/jasontsemf.github.io/nitro/.build/mzero_pro_bl/core/core.a(USBCore.cpp.o)
 .bss._dry_run  0x0000000020000918        0x1 /Users/jasontse/Documents/jasontsemf.github.io/nitro/.build/mzero_pro_bl/core/core.a(USBCore.cpp.o)
                0x0000000020000918                _dry_run
 .bss._pack_buffer
                0x0000000020000919      0x100 /Users/jasontse/Documents/jasontsemf.github.io/nitro/.build/mzero_pro_bl/core/core.a(USBCore.cpp.o)
                0x0000000020000919                _pack_buffer
 .bss._pack_message
                0x0000000020000a19        0x1 /Users/jasontse/Documents/jasontsemf.github.io/nitro/.build/mzero_pro_bl/core/core.a(USBCore.cpp.o)
                0x0000000020000a19                _pack_message
 .bss._pack_size
                0x0000000020000a1a        0x2 /Users/jasontse/Documents/jasontsemf.github.io/nitro/.build/mzero_pro_bl/core/core.a(USBCore.cpp.o)
                0x0000000020000a1a                _pack_size
 .bss._usbConfiguration
                0x0000000020000a1c        0x4 /Users/jasontse/Documents/jasontsemf.github.io/nitro/.build/mzero_pro_bl/core/core.a(USBCore.cpp.o)
                0x0000000020000a1c                _usbConfiguration
 .bss._usbSetInterface
                0x0000000020000a20        0x4 /Users/jasontse/Documents/jasontsemf.github.io/nitro/.build/mzero_pro_bl/core/core.a(USBCore.cpp.o)
                0x0000000020000a20                _usbSetInterface
 .bss.usbd      0x0000000020000a24      0x104 /Users/jasontse/Documents/jasontsemf.github.io/nitro/.build/mzero_pro_bl/core/core.a(USBCore.cpp.o)
                0x0000000020000a24                usbd
 .bss.SerialUSB
                0x0000000020000b28       0x34 /Users/jasontse/Documents/jasontsemf.github.io/nitro/.build/mzero_pro_bl/core/core.a(CDC.cpp.o)
                0x0000000020000b28                SerialUSB
 .bss._ZGVZ12PluggableUSBvE3obj
                0x0000000020000b5c        0x4 /Users/jasontse/Documents/jasontsemf.github.io/nitro/.build/mzero_pro_bl/core/core.a(PluggableUSB.cpp.o)
 .bss._ZZ12PluggableUSBvE3obj
                0x0000000020000b60        0x8 /Users/jasontse/Documents/jasontsemf.github.io/nitro/.build/mzero_pro_bl/core/core.a(PluggableUSB.cpp.o)
 .bss.__malloc_free_list
                0x0000000020000b68        0x4 /Users/jasontse/Library/Arduino15/packages/arduino/tools/arm-none-eabi-gcc/7-2017q4/bin/../lib/gcc/arm-none-eabi/7.2.1/../../../../arm-none-eabi/lib/thumb/v6-m/libc_nano.a(lib_a-nano-mallocr.o)
                0x0000000020000b68                __malloc_free_list
 .bss.__malloc_sbrk_start
                0x0000000020000b6c        0x4 /Users/jasontse/Library/Arduino15/packages/arduino/tools/arm-none-eabi-gcc/7-2017q4/bin/../lib/gcc/arm-none-eabi/7.2.1/../../../../arm-none-eabi/lib/thumb/v6-m/libc_nano.a(lib_a-nano-mallocr.o)
                0x0000000020000b6c                __malloc_sbrk_start
 .bss.heap_end.4102
                0x0000000020000b70        0x4 /Users/jasontse/Library/Arduino15/packages/arduino/tools/arm-none-eabi-gcc/7-2017q4/bin/../lib/gcc/arm-none-eabi/7.2.1/../../../../arm-none-eabi/lib/thumb/v6-m/libnosys.a(sbrk.o)
 *(COMMON)
 COMMON         0x0000000020000b74        0x4 /Users/jasontse/Library/Arduino15/packages/arduino/tools/arm-none-eabi-gcc/7-2017q4/bin/../lib/gcc/arm-none-eabi/7.2.1/../../../../arm-none-eabi/lib/thumb/v6-m/libc_nano.a(lib_a-reent.o)
                0x0000000020000b74                errno
                0x0000000020000b78                . = ALIGN (0x4)
                0x0000000020000b78                __bss_end__ = .

.heap           0x0000000020000b78        0x0
                0x0000000020000b78                __end__ = .
                0x0000000020000b78                PROVIDE (end, .)
 *(.heap*)
                0x0000000020000b78                __HeapLimit = .

.stack_dummy    0x0000000020000b78        0x0
 *(.stack*)
                0x0000000020008000                __StackTop = (ORIGIN (RAM) + LENGTH (RAM))
                0x0000000020008000                __StackLimit = (__StackTop - SIZEOF (.stack_dummy))
                0x0000000020008000                PROVIDE (__stack, __StackTop)
                0x0000000020007fff                __ram_end__ = ((ORIGIN (RAM) + LENGTH (RAM)) - 0x1)
                0x0000000000000001                ASSERT ((__StackLimit >= __HeapLimit), region RAM overflowed with stack)
OUTPUT(/Users/jasontse/Documents/jasontsemf.github.io/nitro/.build/mzero_pro_bl/app.ino.elf elf32-littlearm)

.ARM.attributes
                0x0000000000000000       0x28
 .ARM.attributes
                0x0000000000000000       0x1e /Users/jasontse/Library/Arduino15/packages/arduino/tools/arm-none-eabi-gcc/7-2017q4/bin/../lib/gcc/arm-none-eabi/7.2.1/thumb/v6-m/crti.o
 .ARM.attributes
                0x000000000000001e       0x2c /Users/jasontse/Library/Arduino15/packages/arduino/tools/arm-none-eabi-gcc/7-2017q4/bin/../lib/gcc/arm-none-eabi/7.2.1/thumb/v6-m/crtbegin.o
 .ARM.attributes
                0x000000000000004a       0x32 /Users/jasontse/Documents/jasontsemf.github.io/nitro/.build/mzero_pro_bl/sketch/app.ino.cpp.o
 .ARM.attributes
                0x000000000000007c       0x32 /Users/jasontse/Documents/jasontsemf.github.io/nitro/.build/mzero_pro_bl/core/variant.cpp.o
 .ARM.attributes
                0x00000000000000ae       0x32 /Users/jasontse/Documents/jasontsemf.github.io/nitro/.build/mzero_pro_bl/core/core.a(cortex_handlers.c.o)
 .ARM.attributes
                0x00000000000000e0       0x32 /Users/jasontse/Documents/jasontsemf.github.io/nitro/.build/mzero_pro_bl/core/core.a(delay.c.o)
 .ARM.attributes
                0x0000000000000112       0x32 /Users/jasontse/Documents/jasontsemf.github.io/nitro/.build/mzero_pro_bl/core/core.a(hooks.c.o)
 .ARM.attributes
                0x0000000000000144       0x32 /Users/jasontse/Documents/jasontsemf.github.io/nitro/.build/mzero_pro_bl/core/core.a(startup.c.o)
 .ARM.attributes
                0x0000000000000176       0x32 /Users/jasontse/Documents/jasontsemf.github.io/nitro/.build/mzero_pro_bl/core/core.a(wiring.c.o)
 .ARM.attributes
                0x00000000000001a8       0x32 /Users/jasontse/Documents/jasontsemf.github.io/nitro/.build/mzero_pro_bl/core/core.a(wiring_analog.c.o)
 .ARM.attributes
                0x00000000000001da       0x32 /Users/jasontse/Documents/jasontsemf.github.io/nitro/.build/mzero_pro_bl/core/core.a(wiring_digital.c.o)
 .ARM.attributes
                0x000000000000020c       0x32 /Users/jasontse/Documents/jasontsemf.github.io/nitro/.build/mzero_pro_bl/core/core.a(wiring_private.c.o)
 .ARM.attributes
                0x000000000000023e       0x32 /Users/jasontse/Documents/jasontsemf.github.io/nitro/.build/mzero_pro_bl/core/core.a(Reset.cpp.o)
 .ARM.attributes
                0x0000000000000270       0x32 /Users/jasontse/Documents/jasontsemf.github.io/nitro/.build/mzero_pro_bl/core/core.a(SERCOM.cpp.o)
 .ARM.attributes
                0x00000000000002a2       0x32 /Users/jasontse/Documents/jasontsemf.github.io/nitro/.build/mzero_pro_bl/core/core.a(Uart.cpp.o)
 .ARM.attributes
                0x00000000000002d4       0x32 /Users/jasontse/Documents/jasontsemf.github.io/nitro/.build/mzero_pro_bl/core/core.a(main.cpp.o)
 .ARM.attributes
                0x0000000000000306       0x32 /Users/jasontse/Documents/jasontsemf.github.io/nitro/.build/mzero_pro_bl/core/core.a(Print.cpp.o)
 .ARM.attributes
                0x0000000000000338       0x32 /Users/jasontse/Documents/jasontsemf.github.io/nitro/.build/mzero_pro_bl/core/core.a(USBCore.cpp.o)
 .ARM.attributes
                0x000000000000036a       0x32 /Users/jasontse/Documents/jasontsemf.github.io/nitro/.build/mzero_pro_bl/core/core.a(new.cpp.o)
 .ARM.attributes
                0x000000000000039c       0x32 /Users/jasontse/Documents/jasontsemf.github.io/nitro/.build/mzero_pro_bl/core/core.a(CDC.cpp.o)
 .ARM.attributes
                0x00000000000003ce       0x32 /Users/jasontse/Documents/jasontsemf.github.io/nitro/.build/mzero_pro_bl/core/core.a(PluggableUSB.cpp.o)
 .ARM.attributes
                0x0000000000000400       0x1e /Users/jasontse/Library/Arduino15/packages/arduino/tools/arm-none-eabi-gcc/7-2017q4/bin/../lib/gcc/arm-none-eabi/7.2.1/thumb/v6-m/libgcc.a(_thumb1_case_uqi.o)
 .ARM.attributes
                0x000000000000041e       0x1e /Users/jasontse/Library/Arduino15/packages/arduino/tools/arm-none-eabi-gcc/7-2017q4/bin/../lib/gcc/arm-none-eabi/7.2.1/thumb/v6-m/libgcc.a(_udivsi3.o)
 .ARM.attributes
                0x000000000000043c       0x1e /Users/jasontse/Library/Arduino15/packages/arduino/tools/arm-none-eabi-gcc/7-2017q4/bin/../lib/gcc/arm-none-eabi/7.2.1/thumb/v6-m/libgcc.a(_dvmd_tls.o)
 .ARM.attributes
                0x000000000000045a       0x2c /Users/jasontse/Library/Arduino15/packages/arduino/tools/arm-none-eabi-gcc/7-2017q4/bin/../lib/gcc/arm-none-eabi/7.2.1/../../../../arm-none-eabi/lib/thumb/v6-m/libc_nano.a(lib_a-impure.o)
 .ARM.attributes
                0x0000000000000486       0x2c /Users/jasontse/Library/Arduino15/packages/arduino/tools/arm-none-eabi-gcc/7-2017q4/bin/../lib/gcc/arm-none-eabi/7.2.1/../../../../arm-none-eabi/lib/thumb/v6-m/libc_nano.a(lib_a-init.o)
 .ARM.attributes
                0x00000000000004b2       0x2c /Users/jasontse/Library/Arduino15/packages/arduino/tools/arm-none-eabi-gcc/7-2017q4/bin/../lib/gcc/arm-none-eabi/7.2.1/../../../../arm-none-eabi/lib/thumb/v6-m/libc_nano.a(lib_a-malloc.o)
 .ARM.attributes
                0x00000000000004de       0x2c /Users/jasontse/Library/Arduino15/packages/arduino/tools/arm-none-eabi-gcc/7-2017q4/bin/../lib/gcc/arm-none-eabi/7.2.1/../../../../arm-none-eabi/lib/thumb/v6-m/libc_nano.a(lib_a-memcpy-stub.o)
 .ARM.attributes
                0x000000000000050a       0x2c /Users/jasontse/Library/Arduino15/packages/arduino/tools/arm-none-eabi-gcc/7-2017q4/bin/../lib/gcc/arm-none-eabi/7.2.1/../../../../arm-none-eabi/lib/thumb/v6-m/libc_nano.a(lib_a-memset.o)
 .ARM.attributes
                0x0000000000000536       0x2c /Users/jasontse/Library/Arduino15/packages/arduino/tools/arm-none-eabi-gcc/7-2017q4/bin/../lib/gcc/arm-none-eabi/7.2.1/../../../../arm-none-eabi/lib/thumb/v6-m/libc_nano.a(lib_a-nano-freer.o)
 .ARM.attributes
                0x0000000000000562       0x2c /Users/jasontse/Library/Arduino15/packages/arduino/tools/arm-none-eabi-gcc/7-2017q4/bin/../lib/gcc/arm-none-eabi/7.2.1/../../../../arm-none-eabi/lib/thumb/v6-m/libc_nano.a(lib_a-nano-mallocr.o)
 .ARM.attributes
                0x000000000000058e       0x2c /Users/jasontse/Library/Arduino15/packages/arduino/tools/arm-none-eabi-gcc/7-2017q4/bin/../lib/gcc/arm-none-eabi/7.2.1/../../../../arm-none-eabi/lib/thumb/v6-m/libc_nano.a(lib_a-sbrkr.o)
 .ARM.attributes
                0x00000000000005ba       0x1c /Users/jasontse/Library/Arduino15/packages/arduino/tools/arm-none-eabi-gcc/7-2017q4/bin/../lib/gcc/arm-none-eabi/7.2.1/../../../../arm-none-eabi/lib/thumb/v6-m/libc_nano.a(lib_a-strlen.o)
 .ARM.attributes
                0x00000000000005d6       0x2c /Users/jasontse/Library/Arduino15/packages/arduino/tools/arm-none-eabi-gcc/7-2017q4/bin/../lib/gcc/arm-none-eabi/7.2.1/../../../../arm-none-eabi/lib/thumb/v6-m/libc_nano.a(lib_a-mlock.o)
 .ARM.attributes
                0x0000000000000602       0x2c /Users/jasontse/Library/Arduino15/packages/arduino/tools/arm-none-eabi-gcc/7-2017q4/bin/../lib/gcc/arm-none-eabi/7.2.1/../../../../arm-none-eabi/lib/thumb/v6-m/libc_nano.a(lib_a-reent.o)
 .ARM.attributes
                0x000000000000062e       0x2c /Users/jasontse/Library/Arduino15/packages/arduino/tools/arm-none-eabi-gcc/7-2017q4/bin/../lib/gcc/arm-none-eabi/7.2.1/../../../../arm-none-eabi/lib/thumb/v6-m/libnosys.a(sbrk.o)
 .ARM.attributes
                0x000000000000065a       0x2c /Users/jasontse/Library/Arduino15/packages/arduino/tools/arm-none-eabi-gcc/7-2017q4/bin/../lib/gcc/arm-none-eabi/7.2.1/thumb/v6-m/crtend.o
 .ARM.attributes
                0x0000000000000686       0x1e /Users/jasontse/Library/Arduino15/packages/arduino/tools/arm-none-eabi-gcc/7-2017q4/bin/../lib/gcc/arm-none-eabi/7.2.1/thumb/v6-m/crtn.o

.comment        0x0000000000000000       0x7e
 .comment       0x0000000000000000       0x7e /Users/jasontse/Documents/jasontsemf.github.io/nitro/.build/mzero_pro_bl/sketch/app.ino.cpp.o
                                         0x7f (size before relaxing)
 .comment       0x000000000000007e       0x7f /Users/jasontse/Documents/jasontsemf.github.io/nitro/.build/mzero_pro_bl/core/variant.cpp.o
 .comment       0x000000000000007e       0x7f /Users/jasontse/Documents/jasontsemf.github.io/nitro/.build/mzero_pro_bl/core/core.a(cortex_handlers.c.o)
 .comment       0x000000000000007e       0x7f /Users/jasontse/Documents/jasontsemf.github.io/nitro/.build/mzero_pro_bl/core/core.a(delay.c.o)
 .comment       0x000000000000007e       0x7f /Users/jasontse/Documents/jasontsemf.github.io/nitro/.build/mzero_pro_bl/core/core.a(hooks.c.o)
 .comment       0x000000000000007e       0x7f /Users/jasontse/Documents/jasontsemf.github.io/nitro/.build/mzero_pro_bl/core/core.a(startup.c.o)
 .comment       0x000000000000007e       0x7f /Users/jasontse/Documents/jasontsemf.github.io/nitro/.build/mzero_pro_bl/core/core.a(wiring.c.o)
 .comment       0x000000000000007e       0x7f /Users/jasontse/Documents/jasontsemf.github.io/nitro/.build/mzero_pro_bl/core/core.a(wiring_analog.c.o)
 .comment       0x000000000000007e       0x7f /Users/jasontse/Documents/jasontsemf.github.io/nitro/.build/mzero_pro_bl/core/core.a(wiring_digital.c.o)
 .comment       0x000000000000007e       0x7f /Users/jasontse/Documents/jasontsemf.github.io/nitro/.build/mzero_pro_bl/core/core.a(wiring_private.c.o)
 .comment       0x000000000000007e       0x7f /Users/jasontse/Documents/jasontsemf.github.io/nitro/.build/mzero_pro_bl/core/core.a(Reset.cpp.o)
 .comment       0x000000000000007e       0x7f /Users/jasontse/Documents/jasontsemf.github.io/nitro/.build/mzero_pro_bl/core/core.a(SERCOM.cpp.o)
 .comment       0x000000000000007e       0x7f /Users/jasontse/Documents/jasontsemf.github.io/nitro/.build/mzero_pro_bl/core/core.a(Uart.cpp.o)
 .comment       0x000000000000007e       0x7f /Users/jasontse/Documents/jasontsemf.github.io/nitro/.build/mzero_pro_bl/core/core.a(main.cpp.o)
 .comment       0x000000000000007e       0x7f /Users/jasontse/Documents/jasontsemf.github.io/nitro/.build/mzero_pro_bl/core/core.a(Print.cpp.o)
 .comment       0x000000000000007e       0x7f /Users/jasontse/Documents/jasontsemf.github.io/nitro/.build/mzero_pro_bl/core/core.a(USBCore.cpp.o)
 .comment       0x000000000000007e       0x7f /Users/jasontse/Documents/jasontsemf.github.io/nitro/.build/mzero_pro_bl/core/core.a(new.cpp.o)
 .comment       0x000000000000007e       0x7f /Users/jasontse/Documents/jasontsemf.github.io/nitro/.build/mzero_pro_bl/core/core.a(CDC.cpp.o)
 .comment       0x000000000000007e       0x7f /Users/jasontse/Documents/jasontsemf.github.io/nitro/.build/mzero_pro_bl/core/core.a(PluggableUSB.cpp.o)

.debug_info     0x0000000000000000    0x51d6d
 .debug_info    0x0000000000000000     0x4975 /Users/jasontse/Documents/jasontsemf.github.io/nitro/.build/mzero_pro_bl/sketch/app.ino.cpp.o
 .debug_info    0x0000000000004975     0x63f3 /Users/jasontse/Documents/jasontsemf.github.io/nitro/.build/mzero_pro_bl/core/variant.cpp.o
 .debug_info    0x000000000000ad68     0x10c6 /Users/jasontse/Documents/jasontsemf.github.io/nitro/.build/mzero_pro_bl/core/core.a(cortex_handlers.c.o)
 .debug_info    0x000000000000be2e     0x135a /Users/jasontse/Documents/jasontsemf.github.io/nitro/.build/mzero_pro_bl/core/core.a(delay.c.o)
 .debug_info    0x000000000000d188       0x64 /Users/jasontse/Documents/jasontsemf.github.io/nitro/.build/mzero_pro_bl/core/core.a(hooks.c.o)
 .debug_info    0x000000000000d1ec     0x3488 /Users/jasontse/Documents/jasontsemf.github.io/nitro/.build/mzero_pro_bl/core/core.a(startup.c.o)
 .debug_info    0x0000000000010674     0x2d34 /Users/jasontse/Documents/jasontsemf.github.io/nitro/.build/mzero_pro_bl/core/core.a(wiring.c.o)
 .debug_info    0x00000000000133a8     0x4ec0 /Users/jasontse/Documents/jasontsemf.github.io/nitro/.build/mzero_pro_bl/core/core.a(wiring_analog.c.o)
 .debug_info    0x0000000000018268     0x17b4 /Users/jasontse/Documents/jasontsemf.github.io/nitro/.build/mzero_pro_bl/core/core.a(wiring_digital.c.o)
 .debug_info    0x0000000000019a1c     0x179f /Users/jasontse/Documents/jasontsemf.github.io/nitro/.build/mzero_pro_bl/core/core.a(wiring_private.c.o)
 .debug_info    0x000000000001b1bb     0x4fff /Users/jasontse/Documents/jasontsemf.github.io/nitro/.build/mzero_pro_bl/core/core.a(Reset.cpp.o)
 .debug_info    0x00000000000201ba     0x5f18 /Users/jasontse/Documents/jasontsemf.github.io/nitro/.build/mzero_pro_bl/core/core.a(SERCOM.cpp.o)
 .debug_info    0x00000000000260d2     0x791e /Users/jasontse/Documents/jasontsemf.github.io/nitro/.build/mzero_pro_bl/core/core.a(Uart.cpp.o)
 .debug_info    0x000000000002d9f0     0x4a3d /Users/jasontse/Documents/jasontsemf.github.io/nitro/.build/mzero_pro_bl/core/core.a(main.cpp.o)
 .debug_info    0x000000000003242d     0x7106 /Users/jasontse/Documents/jasontsemf.github.io/nitro/.build/mzero_pro_bl/core/core.a(Print.cpp.o)
 .debug_info    0x0000000000039533     0xc606 /Users/jasontse/Documents/jasontsemf.github.io/nitro/.build/mzero_pro_bl/core/core.a(USBCore.cpp.o)
 .debug_info    0x0000000000045b39      0xf3b /Users/jasontse/Documents/jasontsemf.github.io/nitro/.build/mzero_pro_bl/core/core.a(new.cpp.o)
 .debug_info    0x0000000000046a74     0x9872 /Users/jasontse/Documents/jasontsemf.github.io/nitro/.build/mzero_pro_bl/core/core.a(CDC.cpp.o)
 .debug_info    0x00000000000502e6     0x1a87 /Users/jasontse/Documents/jasontsemf.github.io/nitro/.build/mzero_pro_bl/core/core.a(PluggableUSB.cpp.o)

.debug_abbrev   0x0000000000000000     0x6323
 .debug_abbrev  0x0000000000000000      0x4d4 /Users/jasontse/Documents/jasontsemf.github.io/nitro/.build/mzero_pro_bl/sketch/app.ino.cpp.o
 .debug_abbrev  0x00000000000004d4      0x51d /Users/jasontse/Documents/jasontsemf.github.io/nitro/.build/mzero_pro_bl/core/variant.cpp.o
 .debug_abbrev  0x00000000000009f1      0x29a /Users/jasontse/Documents/jasontsemf.github.io/nitro/.build/mzero_pro_bl/core/core.a(cortex_handlers.c.o)
 .debug_abbrev  0x0000000000000c8b      0x304 /Users/jasontse/Documents/jasontsemf.github.io/nitro/.build/mzero_pro_bl/core/core.a(delay.c.o)
 .debug_abbrev  0x0000000000000f8f       0x49 /Users/jasontse/Documents/jasontsemf.github.io/nitro/.build/mzero_pro_bl/core/core.a(hooks.c.o)
 .debug_abbrev  0x0000000000000fd8      0x2ac /Users/jasontse/Documents/jasontsemf.github.io/nitro/.build/mzero_pro_bl/core/core.a(startup.c.o)
 .debug_abbrev  0x0000000000001284      0x3a1 /Users/jasontse/Documents/jasontsemf.github.io/nitro/.build/mzero_pro_bl/core/core.a(wiring.c.o)
 .debug_abbrev  0x0000000000001625      0x47e /Users/jasontse/Documents/jasontsemf.github.io/nitro/.build/mzero_pro_bl/core/core.a(wiring_analog.c.o)
 .debug_abbrev  0x0000000000001aa3      0x330 /Users/jasontse/Documents/jasontsemf.github.io/nitro/.build/mzero_pro_bl/core/core.a(wiring_digital.c.o)
 .debug_abbrev  0x0000000000001dd3      0x31c /Users/jasontse/Documents/jasontsemf.github.io/nitro/.build/mzero_pro_bl/core/core.a(wiring_private.c.o)
 .debug_abbrev  0x00000000000020ef      0x5b4 /Users/jasontse/Documents/jasontsemf.github.io/nitro/.build/mzero_pro_bl/core/core.a(Reset.cpp.o)
 .debug_abbrev  0x00000000000026a3      0x786 /Users/jasontse/Documents/jasontsemf.github.io/nitro/.build/mzero_pro_bl/core/core.a(SERCOM.cpp.o)
 .debug_abbrev  0x0000000000002e29      0x8a2 /Users/jasontse/Documents/jasontsemf.github.io/nitro/.build/mzero_pro_bl/core/core.a(Uart.cpp.o)
 .debug_abbrev  0x00000000000036cb      0x522 /Users/jasontse/Documents/jasontsemf.github.io/nitro/.build/mzero_pro_bl/core/core.a(main.cpp.o)
 .debug_abbrev  0x0000000000003bed      0x826 /Users/jasontse/Documents/jasontsemf.github.io/nitro/.build/mzero_pro_bl/core/core.a(Print.cpp.o)
 .debug_abbrev  0x0000000000004413      0xbff /Users/jasontse/Documents/jasontsemf.github.io/nitro/.build/mzero_pro_bl/core/core.a(USBCore.cpp.o)
 .debug_abbrev  0x0000000000005012      0x301 /Users/jasontse/Documents/jasontsemf.github.io/nitro/.build/mzero_pro_bl/core/core.a(new.cpp.o)
 .debug_abbrev  0x0000000000005313      0xac0 /Users/jasontse/Documents/jasontsemf.github.io/nitro/.build/mzero_pro_bl/core/core.a(CDC.cpp.o)
 .debug_abbrev  0x0000000000005dd3      0x550 /Users/jasontse/Documents/jasontsemf.github.io/nitro/.build/mzero_pro_bl/core/core.a(PluggableUSB.cpp.o)

.debug_aranges  0x0000000000000000      0x900
 .debug_aranges
                0x0000000000000000       0x20 /Users/jasontse/Documents/jasontsemf.github.io/nitro/.build/mzero_pro_bl/sketch/app.ino.cpp.o
 .debug_aranges
                0x0000000000000020       0x38 /Users/jasontse/Documents/jasontsemf.github.io/nitro/.build/mzero_pro_bl/core/variant.cpp.o
 .debug_aranges
                0x0000000000000058       0x40 /Users/jasontse/Documents/jasontsemf.github.io/nitro/.build/mzero_pro_bl/core/core.a(cortex_handlers.c.o)
 .debug_aranges
                0x0000000000000098       0x40 /Users/jasontse/Documents/jasontsemf.github.io/nitro/.build/mzero_pro_bl/core/core.a(delay.c.o)
 .debug_aranges
                0x00000000000000d8       0x30 /Users/jasontse/Documents/jasontsemf.github.io/nitro/.build/mzero_pro_bl/core/core.a(hooks.c.o)
 .debug_aranges
                0x0000000000000108       0x20 /Users/jasontse/Documents/jasontsemf.github.io/nitro/.build/mzero_pro_bl/core/core.a(startup.c.o)
 .debug_aranges
                0x0000000000000128       0x20 /Users/jasontse/Documents/jasontsemf.github.io/nitro/.build/mzero_pro_bl/core/core.a(wiring.c.o)
 .debug_aranges
                0x0000000000000148       0x48 /Users/jasontse/Documents/jasontsemf.github.io/nitro/.build/mzero_pro_bl/core/core.a(wiring_analog.c.o)
 .debug_aranges
                0x0000000000000190       0x30 /Users/jasontse/Documents/jasontsemf.github.io/nitro/.build/mzero_pro_bl/core/core.a(wiring_digital.c.o)
 .debug_aranges
                0x00000000000001c0       0x20 /Users/jasontse/Documents/jasontsemf.github.io/nitro/.build/mzero_pro_bl/core/core.a(wiring_private.c.o)
 .debug_aranges
                0x00000000000001e0       0x38 /Users/jasontse/Documents/jasontsemf.github.io/nitro/.build/mzero_pro_bl/core/core.a(Reset.cpp.o)
 .debug_aranges
                0x0000000000000218      0x1f0 /Users/jasontse/Documents/jasontsemf.github.io/nitro/.build/mzero_pro_bl/core/core.a(SERCOM.cpp.o)
 .debug_aranges
                0x0000000000000408       0xb0 /Users/jasontse/Documents/jasontsemf.github.io/nitro/.build/mzero_pro_bl/core/core.a(Uart.cpp.o)
 .debug_aranges
                0x00000000000004b8       0x28 /Users/jasontse/Documents/jasontsemf.github.io/nitro/.build/mzero_pro_bl/core/core.a(main.cpp.o)
 .debug_aranges
                0x00000000000004e0      0x108 /Users/jasontse/Documents/jasontsemf.github.io/nitro/.build/mzero_pro_bl/core/core.a(Print.cpp.o)
 .debug_aranges
                0x00000000000005e8      0x178 /Users/jasontse/Documents/jasontsemf.github.io/nitro/.build/mzero_pro_bl/core/core.a(USBCore.cpp.o)
 .debug_aranges
                0x0000000000000760       0x28 /Users/jasontse/Documents/jasontsemf.github.io/nitro/.build/mzero_pro_bl/core/core.a(new.cpp.o)
 .debug_aranges
                0x0000000000000788      0x120 /Users/jasontse/Documents/jasontsemf.github.io/nitro/.build/mzero_pro_bl/core/core.a(CDC.cpp.o)
 .debug_aranges
                0x00000000000008a8       0x58 /Users/jasontse/Documents/jasontsemf.github.io/nitro/.build/mzero_pro_bl/core/core.a(PluggableUSB.cpp.o)

.debug_ranges   0x0000000000000000     0x12b8
 .debug_ranges  0x0000000000000000       0x10 /Users/jasontse/Documents/jasontsemf.github.io/nitro/.build/mzero_pro_bl/sketch/app.ino.cpp.o
 .debug_ranges  0x0000000000000010       0x28 /Users/jasontse/Documents/jasontsemf.github.io/nitro/.build/mzero_pro_bl/core/variant.cpp.o
 .debug_ranges  0x0000000000000038       0x30 /Users/jasontse/Documents/jasontsemf.github.io/nitro/.build/mzero_pro_bl/core/core.a(cortex_handlers.c.o)
 .debug_ranges  0x0000000000000068       0x30 /Users/jasontse/Documents/jasontsemf.github.io/nitro/.build/mzero_pro_bl/core/core.a(delay.c.o)
 .debug_ranges  0x0000000000000098       0x20 /Users/jasontse/Documents/jasontsemf.github.io/nitro/.build/mzero_pro_bl/core/core.a(hooks.c.o)
 .debug_ranges  0x00000000000000b8       0x10 /Users/jasontse/Documents/jasontsemf.github.io/nitro/.build/mzero_pro_bl/core/core.a(startup.c.o)
 .debug_ranges  0x00000000000000c8       0x28 /Users/jasontse/Documents/jasontsemf.github.io/nitro/.build/mzero_pro_bl/core/core.a(wiring.c.o)
 .debug_ranges  0x00000000000000f0       0x98 /Users/jasontse/Documents/jasontsemf.github.io/nitro/.build/mzero_pro_bl/core/core.a(wiring_analog.c.o)
 .debug_ranges  0x0000000000000188       0x20 /Users/jasontse/Documents/jasontsemf.github.io/nitro/.build/mzero_pro_bl/core/core.a(wiring_digital.c.o)
 .debug_ranges  0x00000000000001a8       0x30 /Users/jasontse/Documents/jasontsemf.github.io/nitro/.build/mzero_pro_bl/core/core.a(wiring_private.c.o)
 .debug_ranges  0x00000000000001d8       0x40 /Users/jasontse/Documents/jasontsemf.github.io/nitro/.build/mzero_pro_bl/core/core.a(Reset.cpp.o)
 .debug_ranges  0x0000000000000218      0x2a0 /Users/jasontse/Documents/jasontsemf.github.io/nitro/.build/mzero_pro_bl/core/core.a(SERCOM.cpp.o)
 .debug_ranges  0x00000000000004b8      0x1b0 /Users/jasontse/Documents/jasontsemf.github.io/nitro/.build/mzero_pro_bl/core/core.a(Uart.cpp.o)
 .debug_ranges  0x0000000000000668       0x18 /Users/jasontse/Documents/jasontsemf.github.io/nitro/.build/mzero_pro_bl/core/core.a(main.cpp.o)
 .debug_ranges  0x0000000000000680      0x168 /Users/jasontse/Documents/jasontsemf.github.io/nitro/.build/mzero_pro_bl/core/core.a(Print.cpp.o)
 .debug_ranges  0x00000000000007e8      0x8a8 /Users/jasontse/Documents/jasontsemf.github.io/nitro/.build/mzero_pro_bl/core/core.a(USBCore.cpp.o)
 .debug_ranges  0x0000000000001090       0x18 /Users/jasontse/Documents/jasontsemf.github.io/nitro/.build/mzero_pro_bl/core/core.a(new.cpp.o)
 .debug_ranges  0x00000000000010a8      0x1b0 /Users/jasontse/Documents/jasontsemf.github.io/nitro/.build/mzero_pro_bl/core/core.a(CDC.cpp.o)
 .debug_ranges  0x0000000000001258       0x60 /Users/jasontse/Documents/jasontsemf.github.io/nitro/.build/mzero_pro_bl/core/core.a(PluggableUSB.cpp.o)

.debug_line     0x0000000000000000     0x867f
 .debug_line    0x0000000000000000      0x68a /Users/jasontse/Documents/jasontsemf.github.io/nitro/.build/mzero_pro_bl/sketch/app.ino.cpp.o
 .debug_line    0x000000000000068a      0x60c /Users/jasontse/Documents/jasontsemf.github.io/nitro/.build/mzero_pro_bl/core/variant.cpp.o
 .debug_line    0x0000000000000c96      0x3b7 /Users/jasontse/Documents/jasontsemf.github.io/nitro/.build/mzero_pro_bl/core/core.a(cortex_handlers.c.o)
 .debug_line    0x000000000000104d      0x5af /Users/jasontse/Documents/jasontsemf.github.io/nitro/.build/mzero_pro_bl/core/core.a(delay.c.o)
 .debug_line    0x00000000000015fc       0xac /Users/jasontse/Documents/jasontsemf.github.io/nitro/.build/mzero_pro_bl/core/core.a(hooks.c.o)
 .debug_line    0x00000000000016a8      0x490 /Users/jasontse/Documents/jasontsemf.github.io/nitro/.build/mzero_pro_bl/core/core.a(startup.c.o)
 .debug_line    0x0000000000001b38      0x5c1 /Users/jasontse/Documents/jasontsemf.github.io/nitro/.build/mzero_pro_bl/core/core.a(wiring.c.o)
 .debug_line    0x00000000000020f9      0x6d4 /Users/jasontse/Documents/jasontsemf.github.io/nitro/.build/mzero_pro_bl/core/core.a(wiring_analog.c.o)
 .debug_line    0x00000000000027cd      0x511 /Users/jasontse/Documents/jasontsemf.github.io/nitro/.build/mzero_pro_bl/core/core.a(wiring_digital.c.o)
 .debug_line    0x0000000000002cde      0x50b /Users/jasontse/Documents/jasontsemf.github.io/nitro/.build/mzero_pro_bl/core/core.a(wiring_private.c.o)
 .debug_line    0x00000000000031e9      0x765 /Users/jasontse/Documents/jasontsemf.github.io/nitro/.build/mzero_pro_bl/core/core.a(Reset.cpp.o)
 .debug_line    0x000000000000394e      0xcb1 /Users/jasontse/Documents/jasontsemf.github.io/nitro/.build/mzero_pro_bl/core/core.a(SERCOM.cpp.o)
 .debug_line    0x00000000000045ff      0x9f6 /Users/jasontse/Documents/jasontsemf.github.io/nitro/.build/mzero_pro_bl/core/core.a(Uart.cpp.o)
 .debug_line    0x0000000000004ff5      0x6ae /Users/jasontse/Documents/jasontsemf.github.io/nitro/.build/mzero_pro_bl/core/core.a(main.cpp.o)
 .debug_line    0x00000000000056a3      0x9a0 /Users/jasontse/Documents/jasontsemf.github.io/nitro/.build/mzero_pro_bl/core/core.a(Print.cpp.o)
 .debug_line    0x0000000000006043     0x12a1 /Users/jasontse/Documents/jasontsemf.github.io/nitro/.build/mzero_pro_bl/core/core.a(USBCore.cpp.o)
 .debug_line    0x00000000000072e4      0x363 /Users/jasontse/Documents/jasontsemf.github.io/nitro/.build/mzero_pro_bl/core/core.a(new.cpp.o)
 .debug_line    0x0000000000007647      0xa91 /Users/jasontse/Documents/jasontsemf.github.io/nitro/.build/mzero_pro_bl/core/core.a(CDC.cpp.o)
 .debug_line    0x00000000000080d8      0x5a7 /Users/jasontse/Documents/jasontsemf.github.io/nitro/.build/mzero_pro_bl/core/core.a(PluggableUSB.cpp.o)

.debug_str      0x0000000000000000     0x9adc
 .debug_str     0x0000000000000000     0x2c12 /Users/jasontse/Documents/jasontsemf.github.io/nitro/.build/mzero_pro_bl/sketch/app.ino.cpp.o
                                       0x3458 (size before relaxing)
 .debug_str     0x0000000000002c12      0x917 /Users/jasontse/Documents/jasontsemf.github.io/nitro/.build/mzero_pro_bl/core/variant.cpp.o
                                       0x35ca (size before relaxing)
 .debug_str     0x0000000000003529      0x4c3 /Users/jasontse/Documents/jasontsemf.github.io/nitro/.build/mzero_pro_bl/core/core.a(cortex_handlers.c.o)
                                        0xfaf (size before relaxing)
 .debug_str     0x00000000000039ec      0x103 /Users/jasontse/Documents/jasontsemf.github.io/nitro/.build/mzero_pro_bl/core/core.a(delay.c.o)
                                        0xec3 (size before relaxing)
 .debug_str     0x0000000000003aef       0x74 /Users/jasontse/Documents/jasontsemf.github.io/nitro/.build/mzero_pro_bl/core/core.a(hooks.c.o)
                                        0x18a (size before relaxing)
 .debug_str     0x0000000000003b63      0x85e /Users/jasontse/Documents/jasontsemf.github.io/nitro/.build/mzero_pro_bl/core/core.a(startup.c.o)
                                       0x16ec (size before relaxing)
 .debug_str     0x00000000000043c1      0x373 /Users/jasontse/Documents/jasontsemf.github.io/nitro/.build/mzero_pro_bl/core/core.a(wiring.c.o)
                                       0x178e (size before relaxing)
 .debug_str     0x0000000000004734      0x184 /Users/jasontse/Documents/jasontsemf.github.io/nitro/.build/mzero_pro_bl/core/core.a(wiring_analog.c.o)
                                       0x1be7 (size before relaxing)
 .debug_str     0x00000000000048b8      0x10c /Users/jasontse/Documents/jasontsemf.github.io/nitro/.build/mzero_pro_bl/core/core.a(wiring_digital.c.o)
                                        0xfb7 (size before relaxing)
 .debug_str     0x00000000000049c4       0x78 /Users/jasontse/Documents/jasontsemf.github.io/nitro/.build/mzero_pro_bl/core/core.a(wiring_private.c.o)
                                        0xfa4 (size before relaxing)
 .debug_str     0x0000000000004a3c      0x1b3 /Users/jasontse/Documents/jasontsemf.github.io/nitro/.build/mzero_pro_bl/core/core.a(Reset.cpp.o)
                                       0x370b (size before relaxing)
 .debug_str     0x0000000000004bef      0x24e /Users/jasontse/Documents/jasontsemf.github.io/nitro/.build/mzero_pro_bl/core/core.a(SERCOM.cpp.o)
                                       0x3926 (size before relaxing)
 .debug_str     0x0000000000004e3d     0x15ef /Users/jasontse/Documents/jasontsemf.github.io/nitro/.build/mzero_pro_bl/core/core.a(Uart.cpp.o)
                                       0x4e67 (size before relaxing)
 .debug_str     0x000000000000642c       0xb0 /Users/jasontse/Documents/jasontsemf.github.io/nitro/.build/mzero_pro_bl/core/core.a(main.cpp.o)
                                       0x34b7 (size before relaxing)
 .debug_str     0x00000000000064dc      0x43f /Users/jasontse/Documents/jasontsemf.github.io/nitro/.build/mzero_pro_bl/core/core.a(Print.cpp.o)
                                       0x43ee (size before relaxing)
 .debug_str     0x000000000000691b     0x2a42 /Users/jasontse/Documents/jasontsemf.github.io/nitro/.build/mzero_pro_bl/core/core.a(USBCore.cpp.o)
                                       0x6e3d (size before relaxing)
 .debug_str     0x000000000000935d       0x8d /Users/jasontse/Documents/jasontsemf.github.io/nitro/.build/mzero_pro_bl/core/core.a(new.cpp.o)
                                        0x7db (size before relaxing)
 .debug_str     0x00000000000093ea      0x661 /Users/jasontse/Documents/jasontsemf.github.io/nitro/.build/mzero_pro_bl/core/core.a(CDC.cpp.o)
                                       0x7292 (size before relaxing)
 .debug_str     0x0000000000009a4b       0x91 /Users/jasontse/Documents/jasontsemf.github.io/nitro/.build/mzero_pro_bl/core/core.a(PluggableUSB.cpp.o)
                                       0x11da (size before relaxing)

.debug_frame    0x0000000000000000     0x1810
 .debug_frame   0x0000000000000000       0x30 /Users/jasontse/Documents/jasontsemf.github.io/nitro/.build/mzero_pro_bl/sketch/app.ino.cpp.o
 .debug_frame   0x0000000000000030       0x74 /Users/jasontse/Documents/jasontsemf.github.io/nitro/.build/mzero_pro_bl/core/variant.cpp.o
 .debug_frame   0x00000000000000a4       0x7c /Users/jasontse/Documents/jasontsemf.github.io/nitro/.build/mzero_pro_bl/core/core.a(cortex_handlers.c.o)
 .debug_frame   0x0000000000000120       0x88 /Users/jasontse/Documents/jasontsemf.github.io/nitro/.build/mzero_pro_bl/core/core.a(delay.c.o)
 .debug_frame   0x00000000000001a8       0x40 /Users/jasontse/Documents/jasontsemf.github.io/nitro/.build/mzero_pro_bl/core/core.a(hooks.c.o)
 .debug_frame   0x00000000000001e8       0x2c /Users/jasontse/Documents/jasontsemf.github.io/nitro/.build/mzero_pro_bl/core/core.a(startup.c.o)
 .debug_frame   0x0000000000000214       0x28 /Users/jasontse/Documents/jasontsemf.github.io/nitro/.build/mzero_pro_bl/core/core.a(wiring.c.o)
 .debug_frame   0x000000000000023c       0x90 /Users/jasontse/Documents/jasontsemf.github.io/nitro/.build/mzero_pro_bl/core/core.a(wiring_analog.c.o)
 .debug_frame   0x00000000000002cc       0x64 /Users/jasontse/Documents/jasontsemf.github.io/nitro/.build/mzero_pro_bl/core/core.a(wiring_digital.c.o)
 .debug_frame   0x0000000000000330       0x30 /Users/jasontse/Documents/jasontsemf.github.io/nitro/.build/mzero_pro_bl/core/core.a(wiring_private.c.o)
 .debug_frame   0x0000000000000360       0x60 /Users/jasontse/Documents/jasontsemf.github.io/nitro/.build/mzero_pro_bl/core/core.a(Reset.cpp.o)
 .debug_frame   0x00000000000003c0      0x478 /Users/jasontse/Documents/jasontsemf.github.io/nitro/.build/mzero_pro_bl/core/core.a(SERCOM.cpp.o)
 .debug_frame   0x0000000000000838      0x1c4 /Users/jasontse/Documents/jasontsemf.github.io/nitro/.build/mzero_pro_bl/core/core.a(Uart.cpp.o)
 .debug_frame   0x00000000000009fc       0x38 /Users/jasontse/Documents/jasontsemf.github.io/nitro/.build/mzero_pro_bl/core/core.a(main.cpp.o)
 .debug_frame   0x0000000000000a34      0x334 /Users/jasontse/Documents/jasontsemf.github.io/nitro/.build/mzero_pro_bl/core/core.a(Print.cpp.o)
 .debug_frame   0x0000000000000d68      0x478 /Users/jasontse/Documents/jasontsemf.github.io/nitro/.build/mzero_pro_bl/core/core.a(USBCore.cpp.o)
 .debug_frame   0x00000000000011e0       0x70 /Users/jasontse/Documents/jasontsemf.github.io/nitro/.build/mzero_pro_bl/core/core.a(new.cpp.o)
 .debug_frame   0x0000000000001250      0x2ec /Users/jasontse/Documents/jasontsemf.github.io/nitro/.build/mzero_pro_bl/core/core.a(CDC.cpp.o)
 .debug_frame   0x000000000000153c       0xe4 /Users/jasontse/Documents/jasontsemf.github.io/nitro/.build/mzero_pro_bl/core/core.a(PluggableUSB.cpp.o)
 .debug_frame   0x0000000000001620       0x20 /Users/jasontse/Library/Arduino15/packages/arduino/tools/arm-none-eabi-gcc/7-2017q4/bin/../lib/gcc/arm-none-eabi/7.2.1/thumb/v6-m/libgcc.a(_udivsi3.o)
 .debug_frame   0x0000000000001640       0x2c /Users/jasontse/Library/Arduino15/packages/arduino/tools/arm-none-eabi-gcc/7-2017q4/bin/../lib/gcc/arm-none-eabi/7.2.1/../../../../arm-none-eabi/lib/thumb/v6-m/libc_nano.a(lib_a-init.o)